[robosuite WARNING] No private macro file found! (macros.py:53)
[robosuite WARNING] It is recommended to use a private macro file (macros.py:54)
[robosuite WARNING] To setup, run: python /n/home00/zoewu/.conda/envs/robomimic_venv/lib/python3.9/site-packages/robosuite/scripts/setup_macros.py (macros.py:55)
[robosuite WARNING] Could not import robosuite_models. Some robots may not be available. If you want to use these robots, please install robosuite_models from source (https://github.com/ARISE-Initiative/robosuite_models) or through pip install. (__init__.py:30)
[robosuite WARNING] Could not load the mink-based whole-body IK. Make sure you install related import properly, otherwise you will not be able to use the default IK controller setting for GR1 robot. (__init__.py:40)
Traceback (most recent call last):
  File "/n/home00/zoewu/STEER/robomimic/robomimic/scripts/run_trained_agent.py", line 373, in <module>
    run_trained_agent(args)
  File "/n/home00/zoewu/STEER/robomimic/robomimic/scripts/run_trained_agent.py", line 233, in run_trained_agent
    stats, traj = rollout(
  File "/n/home00/zoewu/STEER/robomimic/robomimic/scripts/run_trained_agent.py", line 119, in rollout
    act = policy(ob=obs)
  File "/n/home00/zoewu/STEER/robomimic/robomimic/algo/algo.py", line 569, in __call__
    ac = self.policy.get_action(obs_dict=ob, goal_dict=goal)
  File "/n/home00/zoewu/STEER/robomimic/robomimic/algo/diffusion_policy.py", line 298, in get_action
    action_sequence = self._get_action_trajectory(obs_dict=stacked_obs_dict)
  File "/n/home00/zoewu/STEER/robomimic/robomimic/algo/diffusion_policy.py", line 371, in _get_action_trajectory
    noise_pred = nets["policy"]["noise_pred_net"](
  File "/n/home00/zoewu/.conda/envs/robomimic_venv/lib/python3.9/site-packages/torch/nn/modules/module.py", line 1773, in _wrapped_call_impl
    return self._call_impl(*args, **kwargs)
  File "/n/home00/zoewu/.conda/envs/robomimic_venv/lib/python3.9/site-packages/torch/nn/modules/module.py", line 1784, in _call_impl
    return forward_call(*args, **kwargs)
  File "/n/home00/zoewu/STEER/robomimic/robomimic/models/diffusion_policy_nets.py", line 222, in forward
    global_feature = torch.cat([
RuntimeError: Sizes of tensors must match except in dimension 1. Expected size 2 but got size 1 for tensor number 1 in the list.
srun: error: holygpu8a19501: task 0: Exited with exit code 1
