ROBOMIMIC WARNING(
    No private macro file found!
    It is recommended to use a private macro file
    To setup, run: python /n/home00/zoewu/STEER/robomimic/robomimic/scripts/setup_macros.py
)
============= Loaded Config =============
{
    "algo_name": "diffusion_policy",
    "experiment": {
        "name": "square_ld_diffusion_no_replica_exchange",
        "validate": false,
        "logging": {
            "terminal_output_to_txt": true,
            "log_tb": true,
            "log_wandb": false,
            "wandb_proj_name": "debug"
        },
        "save": {
            "enabled": true,
            "every_n_seconds": null,
            "every_n_epochs": 50,
            "epochs": [],
            "on_best_validation": false,
            "on_best_rollout_return": false,
            "on_best_rollout_success_rate": true
        },
        "epoch_every_n_steps": 100,
        "validation_epoch_every_n_steps": 10,
        "env": null,
        "additional_envs": null,
        "render": false,
        "render_video": true,
        "keep_all_videos": false,
        "video_skip": 5,
        "rollout": {
            "enabled": false,
            "n": 50,
            "horizon": 400,
            "rate": 50,
            "warmstart": 0,
            "terminate_on_success": true
        },
        "env_meta_update_dict": {},
        "ckpt_path": null
    },
    "train": {
        "data": [
            {
                "path": "/n/netscratch/kempner_undergrads/Everyone/zwu/datasets/square/ph/low_dim_v15.hdf5"
            }
        ],
        "output_dir": "/n/netscratch/kempner_undergrads/Everyone/zwu/diffusion_policy_trained_models",
        "normalize_weights_by_ds_size": false,
        "num_data_workers": 0,
        "hdf5_cache_mode": "all",
        "hdf5_use_swmr": true,
        "hdf5_load_next_obs": true,
        "hdf5_normalize_obs": false,
        "hdf5_filter_key": null,
        "hdf5_validation_filter_key": null,
        "seq_length": 16,
        "pad_seq_length": true,
        "frame_stack": 1,
        "pad_frame_stack": true,
        "dataset_keys": [
            "actions",
            "rewards",
            "dones"
        ],
        "action_keys": [
            "actions"
        ],
        "action_config": {
            "actions": {
                "normalization": null
            }
        },
        "goal_mode": null,
        "cuda": true,
        "batch_size": 100,
        "num_epochs": 2000,
        "seed": 1,
        "max_grad_norm": null
    },
    "algo": {
        "optim_params": {
            "policy": {
                "optimizer_type": "adamw",
                "learning_rate": {
                    "initial": 0.0001,
                    "decay_factor": 0.1,
                    "step_every_batch": true,
                    "scheduler_type": "cosine",
                    "num_cycles": 0.5,
                    "warmup_steps": 500,
                    "epoch_schedule": []
                },
                "regularization": {
                    "L2": 1e-06
                },
                "num_train_batches": 100,
                "num_epochs": 2000
            }
        },
        "horizon": {
            "observation_horizon": 2,
            "action_horizon": 8,
            "prediction_horizon": 16
        },
        "unet": {
            "enabled": true,
            "diffusion_step_embed_dim": 256,
            "down_dims": [
                256,
                512,
                1024
            ],
            "kernel_size": 5,
            "n_groups": 8
        },
        "ema": {
            "enabled": true,
            "power": 0.75
        },
        "ddpm": {
            "enabled": true,
            "num_train_timesteps": 100,
            "num_inference_timesteps": 100,
            "beta_schedule": "squaredcos_cap_v2",
            "clip_sample": true,
            "prediction_type": "epsilon"
        },
        "replica_exchange": {
            "tempering": true,
            "enabled": false,
            "n_replicas": 2,
            "lam_start": 0.98,
            "lam_end": 2.0
        },
        "ddim": {
            "enabled": false,
            "num_train_timesteps": 100,
            "num_inference_timesteps": 10,
            "beta_schedule": "squaredcos_cap_v2",
            "clip_sample": true,
            "set_alpha_to_one": true,
            "steps_offset": 0,
            "prediction_type": "epsilon"
        }
    },
    "observation": {
        "modalities": {
            "obs": {
                "low_dim": [
                    "robot0_eef_pos",
                    "robot0_eef_quat",
                    "robot0_gripper_qpos",
                    "object"
                ],
                "rgb": [],
                "depth": [],
                "scan": []
            },
            "goal": {
                "low_dim": [],
                "rgb": [],
                "depth": [],
                "scan": []
            }
        },
        "encoder": {
            "low_dim": {
                "core_class": null,
                "core_kwargs": {},
                "obs_randomizer_class": null,
                "obs_randomizer_kwargs": {}
            },
            "rgb": {
                "core_class": "VisualCore",
                "core_kwargs": {},
                "obs_randomizer_class": null,
                "obs_randomizer_kwargs": {}
            },
            "depth": {
                "core_class": "VisualCore",
                "core_kwargs": {},
                "obs_randomizer_class": null,
                "obs_randomizer_kwargs": {}
            },
            "scan": {
                "core_class": "ScanCore",
                "core_kwargs": {},
                "obs_randomizer_class": null,
                "obs_randomizer_kwargs": {}
            }
        }
    },
    "meta": {
        "hp_base_config_file": null,
        "hp_keys": [],
        "hp_values": []
    }
}

============= Initialized Observation Utils with Obs Spec =============

using obs modality: low_dim with keys: ['robot0_eef_pos', 'robot0_gripper_qpos', 'robot0_eef_quat', 'object']
using obs modality: rgb with keys: []
using obs modality: depth with keys: []
using obs modality: scan with keys: []
obs_shapes: OrderedDict([('object', [14]), ('robot0_eef_pos', [3]), ('robot0_eef_quat', [4]), ('robot0_gripper_qpos', [2])])
per-timestep obs_dim: 23 x observation_horizon: 2 = 46
number of parameters: 6.587828e+07
============= Loaded Policy =============
DiffusionPolicyUNet (
  ModuleDict(
    (policy): ModuleDict(
      (obs_encoder): ObservationGroupEncoder(
          group=obs
          ObservationEncoder(
              Key(
                  name=object
                  shape=[14]
                  modality=low_dim
                  randomizer=ModuleList(
                    (0): None
                  )
                  net=None
                  sharing_from=None
              )
              Key(
                  name=robot0_eef_pos
                  shape=[3]
                  modality=low_dim
                  randomizer=ModuleList(
                    (0): None
                  )
                  net=None
                  sharing_from=None
              )
              Key(
                  name=robot0_eef_quat
                  shape=[4]
                  modality=low_dim
                  randomizer=ModuleList(
                    (0): None
                  )
                  net=None
                  sharing_from=None
              )
              Key(
                  name=robot0_gripper_qpos
                  shape=[2]
                  modality=low_dim
                  randomizer=ModuleList(
                    (0): None
                  )
                  net=None
                  sharing_from=None
              )
              output_shape=[23]
          )
      )
      (noise_pred_net): ConditionalUnet1D(
        (mid_modules): ModuleList(
          (0-1): 2 x ConditionalResidualBlock1D(
            (blocks): ModuleList(
              (0-1): 2 x Conv1dBlock(
                (block): Sequential(
                  (0): Conv1d(1024, 1024, kernel_size=(5,), stride=(1,), padding=(2,))
                  (1): GroupNorm(8, 1024, eps=1e-05, affine=True)
                  (2): Mish()
                )
              )
            )
            (cond_encoder): Sequential(
              (0): Mish()
              (1): Linear(in_features=302, out_features=2048, bias=True)
              (2): Unflatten(dim=-1, unflattened_size=(-1, 1))
            )
            (residual_conv): Identity()
          )
        )
        (diffusion_step_encoder): Sequential(
          (0): SinusoidalPosEmb()
          (1): Linear(in_features=256, out_features=1024, bias=True)
          (2): Mish()
          (3): Linear(in_features=1024, out_features=256, bias=True)
        )
        (up_modules): ModuleList(
          (0): ModuleList(
            (0): ConditionalResidualBlock1D(
              (blocks): ModuleList(
                (0): Conv1dBlock(
                  (block): Sequential(
                    (0): Conv1d(2048, 512, kernel_size=(5,), stride=(1,), padding=(2,))
                    (1): GroupNorm(8, 512, eps=1e-05, affine=True)
                    (2): Mish()
                  )
                )
                (1): Conv1dBlock(
                  (block): Sequential(
                    (0): Conv1d(512, 512, kernel_size=(5,), stride=(1,), padding=(2,))
                    (1): GroupNorm(8, 512, eps=1e-05, affine=True)
                    (2): Mish()
                  )
                )
              )
              (cond_encoder): Sequential(
                (0): Mish()
                (1): Linear(in_features=302, out_features=1024, bias=True)
                (2): Unflatten(dim=-1, unflattened_size=(-1, 1))
              )
              (residual_conv): Conv1d(2048, 512, kernel_size=(1,), stride=(1,))
            )
            (1): ConditionalResidualBlock1D(
              (blocks): ModuleList(
                (0-1): 2 x Conv1dBlock(
                  (block): Sequential(
                    (0): Conv1d(512, 512, kernel_size=(5,), stride=(1,), padding=(2,))
                    (1): GroupNorm(8, 512, eps=1e-05, affine=True)
                    (2): Mish()
                  )
                )
              )
              (cond_encoder): Sequential(
                (0): Mish()
                (1): Linear(in_features=302, out_features=1024, bias=True)
                (2): Unflatten(dim=-1, unflattened_size=(-1, 1))
              )
              (residual_conv): Identity()
            )
            (2): Upsample1d(
              (conv): ConvTranspose1d(512, 512, kernel_size=(4,), stride=(2,), padding=(1,))
            )
          )
          (1): ModuleList(
            (0): ConditionalResidualBlock1D(
              (blocks): ModuleList(
                (0): Conv1dBlock(
                  (block): Sequential(
                    (0): Conv1d(1024, 256, kernel_size=(5,), stride=(1,), padding=(2,))
                    (1): GroupNorm(8, 256, eps=1e-05, affine=True)
                    (2): Mish()
                  )
                )
                (1): Conv1dBlock(
                  (block): Sequential(
                    (0): Conv1d(256, 256, kernel_size=(5,), stride=(1,), padding=(2,))
                    (1): GroupNorm(8, 256, eps=1e-05, affine=True)
                    (2): Mish()
                  )
                )
              )
              (cond_encoder): Sequential(
                (0): Mish()
                (1): Linear(in_features=302, out_features=512, bias=True)
                (2): Unflatten(dim=-1, unflattened_size=(-1, 1))
              )
              (residual_conv): Conv1d(1024, 256, kernel_size=(1,), stride=(1,))
            )
            (1): ConditionalResidualBlock1D(
              (blocks): ModuleList(
                (0-1): 2 x Conv1dBlock(
                  (block): Sequential(
                    (0): Conv1d(256, 256, kernel_size=(5,), stride=(1,), padding=(2,))
                    (1): GroupNorm(8, 256, eps=1e-05, affine=True)
                    (2): Mish()
                  )
                )
              )
              (cond_encoder): Sequential(
                (0): Mish()
                (1): Linear(in_features=302, out_features=512, bias=True)
                (2): Unflatten(dim=-1, unflattened_size=(-1, 1))
              )
              (residual_conv): Identity()
            )
            (2): Upsample1d(
              (conv): ConvTranspose1d(256, 256, kernel_size=(4,), stride=(2,), padding=(1,))
            )
          )
        )
        (down_modules): ModuleList(
          (0): ModuleList(
            (0): ConditionalResidualBlock1D(
              (blocks): ModuleList(
                (0): Conv1dBlock(
                  (block): Sequential(
                    (0): Conv1d(7, 256, kernel_size=(5,), stride=(1,), padding=(2,))
                    (1): GroupNorm(8, 256, eps=1e-05, affine=True)
                    (2): Mish()
                  )
                )
                (1): Conv1dBlock(
                  (block): Sequential(
                    (0): Conv1d(256, 256, kernel_size=(5,), stride=(1,), padding=(2,))
                    (1): GroupNorm(8, 256, eps=1e-05, affine=True)
                    (2): Mish()
                  )
                )
              )
              (cond_encoder): Sequential(
                (0): Mish()
                (1): Linear(in_features=302, out_features=512, bias=True)
                (2): Unflatten(dim=-1, unflattened_size=(-1, 1))
              )
              (residual_conv): Conv1d(7, 256, kernel_size=(1,), stride=(1,))
            )
            (1): ConditionalResidualBlock1D(
              (blocks): ModuleList(
                (0-1): 2 x Conv1dBlock(
                  (block): Sequential(
                    (0): Conv1d(256, 256, kernel_size=(5,), stride=(1,), padding=(2,))
                    (1): GroupNorm(8, 256, eps=1e-05, affine=True)
                    (2): Mish()
                  )
                )
              )
              (cond_encoder): Sequential(
                (0): Mish()
                (1): Linear(in_features=302, out_features=512, bias=True)
                (2): Unflatten(dim=-1, unflattened_size=(-1, 1))
              )
              (residual_conv): Identity()
            )
            (2): Downsample1d(
              (conv): Conv1d(256, 256, kernel_size=(3,), stride=(2,), padding=(1,))
            )
          )
          (1): ModuleList(
            (0): ConditionalResidualBlock1D(
              (blocks): ModuleList(
                (0): Conv1dBlock(
                  (block): Sequential(
                    (0): Conv1d(256, 512, kernel_size=(5,), stride=(1,), padding=(2,))
                    (1): GroupNorm(8, 512, eps=1e-05, affine=True)
                    (2): Mish()
                  )
                )
                (1): Conv1dBlock(
                  (block): Sequential(
                    (0): Conv1d(512, 512, kernel_size=(5,), stride=(1,), padding=(2,))
                    (1): GroupNorm(8, 512, eps=1e-05, affine=True)
                    (2): Mish()
                  )
                )
              )
              (cond_encoder): Sequential(
                (0): Mish()
                (1): Linear(in_features=302, out_features=1024, bias=True)
                (2): Unflatten(dim=-1, unflattened_size=(-1, 1))
              )
              (residual_conv): Conv1d(256, 512, kernel_size=(1,), stride=(1,))
            )
            (1): ConditionalResidualBlock1D(
              (blocks): ModuleList(
                (0-1): 2 x Conv1dBlock(
                  (block): Sequential(
                    (0): Conv1d(512, 512, kernel_size=(5,), stride=(1,), padding=(2,))
                    (1): GroupNorm(8, 512, eps=1e-05, affine=True)
                    (2): Mish()
                  )
                )
              )
              (cond_encoder): Sequential(
                (0): Mish()
                (1): Linear(in_features=302, out_features=1024, bias=True)
                (2): Unflatten(dim=-1, unflattened_size=(-1, 1))
              )
              (residual_conv): Identity()
            )
            (2): Downsample1d(
              (conv): Conv1d(512, 512, kernel_size=(3,), stride=(2,), padding=(1,))
            )
          )
          (2): ModuleList(
            (0): ConditionalResidualBlock1D(
              (blocks): ModuleList(
                (0): Conv1dBlock(
                  (block): Sequential(
                    (0): Conv1d(512, 1024, kernel_size=(5,), stride=(1,), padding=(2,))
                    (1): GroupNorm(8, 1024, eps=1e-05, affine=True)
                    (2): Mish()
                  )
                )
                (1): Conv1dBlock(
                  (block): Sequential(
                    (0): Conv1d(1024, 1024, kernel_size=(5,), stride=(1,), padding=(2,))
                    (1): GroupNorm(8, 1024, eps=1e-05, affine=True)
                    (2): Mish()
                  )
                )
              )
              (cond_encoder): Sequential(
                (0): Mish()
                (1): Linear(in_features=302, out_features=2048, bias=True)
                (2): Unflatten(dim=-1, unflattened_size=(-1, 1))
              )
              (residual_conv): Conv1d(512, 1024, kernel_size=(1,), stride=(1,))
            )
            (1): ConditionalResidualBlock1D(
              (blocks): ModuleList(
                (0-1): 2 x Conv1dBlock(
                  (block): Sequential(
                    (0): Conv1d(1024, 1024, kernel_size=(5,), stride=(1,), padding=(2,))
                    (1): GroupNorm(8, 1024, eps=1e-05, affine=True)
                    (2): Mish()
                  )
                )
              )
              (cond_encoder): Sequential(
                (0): Mish()
                (1): Linear(in_features=302, out_features=2048, bias=True)
                (2): Unflatten(dim=-1, unflattened_size=(-1, 1))
              )
              (residual_conv): Identity()
            )
            (2): Identity()
          )
        )
        (final_conv): Sequential(
          (0): Conv1dBlock(
            (block): Sequential(
              (0): Conv1d(256, 256, kernel_size=(5,), stride=(1,), padding=(2,))
              (1): GroupNorm(8, 256, eps=1e-05, affine=True)
              (2): Mish()
            )
          )
          (1): Conv1d(256, 7, kernel_size=(1,), stride=(1,))
        )
      )
    )
  )
)
Created environment with name NutAssemblySquare
Action size is 7
ROBOMIMIC WARNING(
    Dataset and installed environment version mismatch!
    Dataset environment version: 1.5.1
    Installed environment version: 1.5.0
)
============= Loaded Environment =============
NutAssemblySquare
{
    "camera_depths": false,
    "camera_heights": 84,
    "camera_widths": 84,
    "control_freq": 20,
    "controller_configs": {
        "body_parts": {
            "right": {
                "control_delta": true,
                "damping": 1,
                "damping_limits": [
                    0,
                    10
                ],
                "gripper": {
                    "type": "GRIP"
                },
                "impedance_mode": "fixed",
                "input_max": 1,
                "input_min": -1,
                "input_ref_frame": "world",
                "interpolation": null,
                "kp": 150,
                "kp_limits": [
                    0,
                    300
                ],
                "orientation_limits": null,
                "output_max": [
                    0.05,
                    0.05,
                    0.05,
                    0.5,
                    0.5,
                    0.5
                ],
                "output_min": [
                    -0.05,
                    -0.05,
                    -0.05,
                    -0.5,
                    -0.5,
                    -0.5
                ],
                "position_limits": null,
                "ramp_ratio": 0.2,
                "type": "OSC_POSE",
                "uncouple_pos_ori": true
            }
        },
        "type": "BASIC"
    },
    "has_offscreen_renderer": true,
    "has_renderer": false,
    "ignore_done": true,
    "lite_physics": false,
    "render_gpu_device_id": 0,
    "reward_shaping": false,
    "robots": [
        "Panda"
    ],
    "use_camera_obs": false,
    "use_object_obs": true
}
DEBUG obs[object] shape: (14,)
DEBUG obs[robot0_joint_pos] shape: (7,)
DEBUG obs[robot0_joint_pos_cos] shape: (7,)
DEBUG obs[robot0_joint_pos_sin] shape: (7,)
DEBUG obs[robot0_joint_vel] shape: (7,)
DEBUG obs[robot0_eef_pos] shape: (3,)
DEBUG obs[robot0_eef_quat] shape: (4,)
DEBUG obs[robot0_eef_quat_site] shape: (4,)
DEBUG obs[robot0_gripper_qpos] shape: (2,)
DEBUG obs[robot0_gripper_qvel] shape: (2,)
DEBUG obs[lang_emb] shape: (768,)
ObservationKeyToModalityDict: robot0_joint_pos not found, adding robot0_joint_pos to mapping with assumed low_dim modality!
ObservationKeyToModalityDict: robot0_joint_pos_cos not found, adding robot0_joint_pos_cos to mapping with assumed low_dim modality!
ObservationKeyToModalityDict: robot0_joint_pos_sin not found, adding robot0_joint_pos_sin to mapping with assumed low_dim modality!
ObservationKeyToModalityDict: robot0_joint_vel not found, adding robot0_joint_vel to mapping with assumed low_dim modality!
ObservationKeyToModalityDict: robot0_eef_quat_site not found, adding robot0_eef_quat_site to mapping with assumed low_dim modality!
ObservationKeyToModalityDict: robot0_gripper_qvel not found, adding robot0_gripper_qvel to mapping with assumed low_dim modality!
ObservationKeyToModalityDict: lang_emb not found, adding lang_emb to mapping with assumed low_dim modality!
