/n/home00/zoewu/STEER/pointmaze/diffuser/utils/training.py:161: FutureWarning: You are using `torch.load` with `weights_only=False` (the current default value), which uses the default pickle module implicitly. It is possible to construct malicious pickle data which will execute arbitrary code during unpickling (See https://github.com/pytorch/pytorch/blob/main/SECURITY.md#untrusted-models for more details). In a future release, the default value for `weights_only` will be flipped to `True`. This limits the functions that could be executed during unpickling. Arbitrary objects will no longer be allowed to be loaded via this mode unless they are explicitly allowlisted by the user via `torch.serialization.add_safe_globals`. We recommend you start setting `weights_only=True` for any use case where you don't have full control of the loaded file. Please open an issue on GitHub for any issues related to this experimental feature.
  data = torch.load(loadpath, map_location='cpu')
[ utils/setup ] Reading config: config.pointmaze:pointmaze_giant_navigate_v0
[ utils/setup ] Using overrides | config: config.pointmaze | dataset: pointmaze_giant_navigate_v0
[ utils/setup ] Lazy fstring | diffusion_loadpath : f:diffusion/H{horizon}_T{n_diffusion_steps} --> diffusion/H400_T256
[ utils/setup ] Setting exp_name to: plans/release_H400_T256_LimitsNormalizer_b1_condFalse
[ utils/setup ] Saved args to logs/pointmaze-giant-navigate-v0/plans/release_H400_T256_LimitsNormalizer_b1_condFalse/0/args.json
[ utils/serialization ] Loaded config from logs/pointmaze-giant-navigate-v0/diffusion/H400_T256/dataset_config.pkl

[utils/config ] Config: <class 'diffuser.datasets.sequence.GoalDataset'>
    env: pointmaze-giant-navigate-v0
    horizon: 400
    max_path_length: 40000
    normalizer: LimitsNormalizer
    preprocess_fns: []
    termination_penalty: None
    use_padding: False

[ utils/serialization ] Loaded config from logs/pointmaze-giant-navigate-v0/diffusion/H400_T256/render_config.pkl

[utils/config ] Config: <class 'diffuser.utils.rendering.PointMazeRenderer'>
    env: pointmaze-giant-navigate-v0

[ utils/serialization ] Loaded config from logs/pointmaze-giant-navigate-v0/diffusion/H400_T256/model_config.pkl

[utils/config ] Config: <class 'diffuser.models.temporal.TemporalUnet'>
    cond_dim: 2
    dim_mults: (1, 4, 8)
    horizon: 424
    transition_dim: 4

[ utils/serialization ] Loaded config from logs/pointmaze-giant-navigate-v0/diffusion/H400_T256/diffusion_config.pkl

[utils/config ] Config: <class 'diffuser.models.diffusion.GaussianDiffusion'>
    action_dim: 2
    action_weight: 1
    clip_denoised: True
    horizon: 400
    loss_discount: 1
    loss_type: l2
    loss_weights: None
    n_timesteps: 256
    observation_dim: 2
    predict_epsilon: False

[ utils/serialization ] Loaded config from logs/pointmaze-giant-navigate-v0/diffusion/H400_T256/trainer_config.pkl

[utils/config ] Config: <class 'diffuser.utils.training.Trainer'>
    bucket: None
    ema_decay: 0.995
    gradient_accumulate_every: 2
    label_freq: 40000
    n_reference: 50
    n_samples: 10
    results_folder: logs/pointmaze-giant-navigate-v0/diffusion/H400_T256
    sample_freq: 1000
    save_freq: 1000
    save_parallel: False
    train_batch_size: 32
    train_lr: 0.0002

[ datasets/buffer ] Finalized replay buffer | 1500 episodes
[ datasets/buffer ] Fields:
    observations: (1500, 40000, 2)
    actions: (1500, 40000, 2)
    terminals: (1500, 40000, 1)
    next_observations: (1500, 40000, 2)
    normed_observations: (1500, 40000, 2)
    normed_actions: (1500, 40000, 2)
[ models/temporal ] Channel dimensions: [(4, 32), (32, 128), (128, 256)]
[(4, 32), (32, 128), (128, 256)]

[ utils/serialization ] Loading model epoch: 1200000

Time 255 i 0 lam_t 0.99000 lam_s 1.01010 log_ratio 0.0000 accept 1.0000 swapped_frac 1.0000
Time 255 i 0 lam_t 0.99500 lam_s 1.00503 log_ratio 0.0000 accept 1.0000 swapped_frac 1.0000
Time 238 i 1 lam_t 0.99000 lam_s 1.01010 log_ratio -0.0001 accept 0.9999 swapped_frac 1.0000
Time 238 i 1 lam_t 0.99500 lam_s 1.00503 log_ratio -0.0000 accept 1.0000 swapped_frac 1.0000
Time 221 i 2 lam_t 0.99000 lam_s 1.01010 log_ratio -0.0003 accept 0.9997 swapped_frac 0.9996
Time 221 i 2 lam_t 0.99500 lam_s 1.00503 log_ratio -0.0001 accept 0.9999 swapped_frac 1.0000
Time 204 i 3 lam_t 0.99000 lam_s 1.01010 log_ratio -0.0006 accept 0.9994 swapped_frac 0.9996
Time 204 i 3 lam_t 0.99500 lam_s 1.00503 log_ratio -0.0003 accept 0.9997 swapped_frac 1.0000
Time 187 i 4 lam_t 0.99000 lam_s 1.01010 log_ratio -0.0010 accept 0.9990 swapped_frac 0.9979
Time 187 i 4 lam_t 0.99500 lam_s 1.00503 log_ratio -0.0005 accept 0.9995 swapped_frac 0.9996
Time 170 i 5 lam_t 0.99000 lam_s 1.01010 log_ratio -0.0014 accept 0.9986 swapped_frac 0.9992
Time 170 i 5 lam_t 0.99500 lam_s 1.00503 log_ratio -0.0008 accept 0.9992 swapped_frac 0.9992
Time 153 i 6 lam_t 0.99000 lam_s 1.01010 log_ratio -0.0024 accept 0.9977 swapped_frac 0.9988
Time 153 i 6 lam_t 0.99500 lam_s 1.00503 log_ratio -0.0011 accept 0.9989 swapped_frac 0.9992
Time 136 i 7 lam_t 0.99000 lam_s 1.01010 log_ratio -0.0028 accept 0.9972 swapped_frac 0.9979
Time 136 i 7 lam_t 0.99500 lam_s 1.00503 log_ratio -0.0014 accept 0.9986 swapped_frac 0.9963
Time 119 i 8 lam_t 0.99000 lam_s 1.01010 log_ratio -0.0036 accept 0.9965 swapped_frac 0.9979
Time 119 i 8 lam_t 0.99500 lam_s 1.00503 log_ratio -0.0017 accept 0.9983 swapped_frac 0.9971
Time 102 i 9 lam_t 0.99000 lam_s 1.01010 log_ratio -0.0044 accept 0.9956 swapped_frac 0.9958
Time 102 i 9 lam_t 0.99500 lam_s 1.00503 log_ratio -0.0020 accept 0.9980 swapped_frac 0.9958
Time 85 i 10 lam_t 0.99000 lam_s 1.01010 log_ratio -0.0054 accept 0.9947 swapped_frac 0.9942
Time 85 i 10 lam_t 0.99500 lam_s 1.00503 log_ratio -0.0024 accept 0.9976 swapped_frac 0.9979
Time 68 i 11 lam_t 0.99000 lam_s 1.01010 log_ratio -0.0067 accept 0.9934 swapped_frac 0.9967
Time 68 i 11 lam_t 0.99500 lam_s 1.00503 log_ratio -0.0027 accept 0.9974 swapped_frac 0.9979
Time 51 i 12 lam_t 0.99000 lam_s 1.01010 log_ratio -0.0072 accept 0.9930 swapped_frac 0.9946
Time 51 i 12 lam_t 0.99500 lam_s 1.00503 log_ratio -0.0030 accept 0.9970 swapped_frac 0.9958
Time 34 i 13 lam_t 0.99000 lam_s 1.01010 log_ratio -0.0107 accept 0.9898 swapped_frac 0.9858
Time 34 i 13 lam_t 0.99500 lam_s 1.00503 log_ratio -0.0039 accept 0.9961 swapped_frac 0.9946
Time 17 i 14 lam_t 0.99000 lam_s 1.01010 log_ratio -0.0165 accept 0.9847 swapped_frac 0.9829
Time 17 i 14 lam_t 0.99500 lam_s 1.00503 log_ratio -0.0079 accept 0.9926 swapped_frac 0.9921
Best Sample: 0 log probability -7.805
Saved 1 samples to: logs/pointmaze-giant-navigate-v0/inference/plans/release_H400_T256_LimitsNormalizer_b1_condFalse/2026-07-14 22:49:02/1/0.png
Saved 1 samples to: logs/pointmaze-giant-navigate-v0/inference/plans/release_H400_T256_LimitsNormalizer_b1_condFalse/2026-07-14 22:49:02/1/rollout.png
Time 255 i 0 lam_t 0.99000 lam_s 1.01010 log_ratio 0.0000 accept 1.0000 swapped_frac 1.0000
Time 255 i 0 lam_t 0.99500 lam_s 1.00503 log_ratio 0.0000 accept 1.0000 swapped_frac 1.0000
Time 238 i 1 lam_t 0.99000 lam_s 1.01010 log_ratio -0.0001 accept 0.9999 swapped_frac 1.0000
Time 238 i 1 lam_t 0.99500 lam_s 1.00503 log_ratio -0.0000 accept 1.0000 swapped_frac 1.0000
Time 221 i 2 lam_t 0.99000 lam_s 1.01010 log_ratio -0.0003 accept 0.9997 swapped_frac 1.0000
Time 221 i 2 lam_t 0.99500 lam_s 1.00503 log_ratio -0.0001 accept 0.9999 swapped_frac 1.0000
Time 204 i 3 lam_t 0.99000 lam_s 1.01010 log_ratio -0.0006 accept 0.9994 swapped_frac 0.9992
Time 204 i 3 lam_t 0.99500 lam_s 1.00503 log_ratio -0.0003 accept 0.9997 swapped_frac 0.9996
Time 187 i 4 lam_t 0.99000 lam_s 1.01010 log_ratio -0.0010 accept 0.9990 swapped_frac 0.9983
Time 187 i 4 lam_t 0.99500 lam_s 1.00503 log_ratio -0.0005 accept 0.9995 swapped_frac 0.9996
Time 170 i 5 lam_t 0.99000 lam_s 1.01010 log_ratio -0.0016 accept 0.9984 swapped_frac 0.9988
Time 170 i 5 lam_t 0.99500 lam_s 1.00503 log_ratio -0.0009 accept 0.9991 swapped_frac 0.9992
Time 153 i 6 lam_t 0.99000 lam_s 1.01010 log_ratio -0.0021 accept 0.9979 swapped_frac 0.9996
Time 153 i 6 lam_t 0.99500 lam_s 1.00503 log_ratio -0.0010 accept 0.9990 swapped_frac 0.9983
Time 136 i 7 lam_t 0.99000 lam_s 1.01010 log_ratio -0.0029 accept 0.9971 swapped_frac 0.9958
Time 136 i 7 lam_t 0.99500 lam_s 1.00503 log_ratio -0.0015 accept 0.9985 swapped_frac 0.9983
Time 119 i 8 lam_t 0.99000 lam_s 1.01010 log_ratio -0.0034 accept 0.9967 swapped_frac 0.9946
Time 119 i 8 lam_t 0.99500 lam_s 1.00503 log_ratio -0.0019 accept 0.9981 swapped_frac 0.9979
Time 102 i 9 lam_t 0.99000 lam_s 1.01010 log_ratio -0.0039 accept 0.9961 swapped_frac 0.9954
Time 102 i 9 lam_t 0.99500 lam_s 1.00503 log_ratio -0.0023 accept 0.9977 swapped_frac 0.9958
Time 85 i 10 lam_t 0.99000 lam_s 1.01010 log_ratio -0.0042 accept 0.9958 swapped_frac 0.9925
Time 85 i 10 lam_t 0.99500 lam_s 1.00503 log_ratio -0.0026 accept 0.9975 swapped_frac 0.9979
Time 68 i 11 lam_t 0.99000 lam_s 1.01010 log_ratio -0.0055 accept 0.9946 swapped_frac 0.9967
Time 68 i 11 lam_t 0.99500 lam_s 1.00503 log_ratio -0.0036 accept 0.9965 swapped_frac 0.9958
Time 51 i 12 lam_t 0.99000 lam_s 1.01010 log_ratio -0.0053 accept 0.9948 swapped_frac 0.9933
Time 51 i 12 lam_t 0.99500 lam_s 1.00503 log_ratio -0.0039 accept 0.9962 swapped_frac 0.9954
Time 34 i 13 lam_t 0.99000 lam_s 1.01010 log_ratio -0.0079 accept 0.9924 swapped_frac 0.9938
Time 34 i 13 lam_t 0.99500 lam_s 1.00503 log_ratio -0.0055 accept 0.9946 swapped_frac 0.9946
Time 17 i 14 lam_t 0.99000 lam_s 1.01010 log_ratio -0.0105 accept 0.9907 swapped_frac 0.9892
Time 17 i 14 lam_t 0.99500 lam_s 1.00503 log_ratio -0.0094 accept 0.9908 swapped_frac 0.9883
Best Sample: 3 log probability -3.395
Saved 1 samples to: logs/pointmaze-giant-navigate-v0/inference/plans/release_H400_T256_LimitsNormalizer_b1_condFalse/2026-07-14 22:49:02/2/0.png
Saved 1 samples to: logs/pointmaze-giant-navigate-v0/inference/plans/release_H400_T256_LimitsNormalizer_b1_condFalse/2026-07-14 22:49:02/2/rollout.png
Time 255 i 0 lam_t 0.99000 lam_s 1.01010 log_ratio 0.0000 accept 1.0000 swapped_frac 1.0000
Time 255 i 0 lam_t 0.99500 lam_s 1.00503 log_ratio 0.0000 accept 1.0000 swapped_frac 1.0000
Time 238 i 1 lam_t 0.99000 lam_s 1.01010 log_ratio -0.0001 accept 0.9999 swapped_frac 0.9996
Time 238 i 1 lam_t 0.99500 lam_s 1.00503 log_ratio -0.0000 accept 1.0000 swapped_frac 1.0000
Time 221 i 2 lam_t 0.99000 lam_s 1.01010 log_ratio -0.0003 accept 0.9997 swapped_frac 0.9996
Time 221 i 2 lam_t 0.99500 lam_s 1.00503 log_ratio -0.0001 accept 0.9999 swapped_frac 1.0000
Time 204 i 3 lam_t 0.99000 lam_s 1.01010 log_ratio -0.0006 accept 0.9994 swapped_frac 1.0000
Time 204 i 3 lam_t 0.99500 lam_s 1.00503 log_ratio -0.0003 accept 0.9997 swapped_frac 1.0000
Time 187 i 4 lam_t 0.99000 lam_s 1.01010 log_ratio -0.0009 accept 0.9991 swapped_frac 0.9996
Time 187 i 4 lam_t 0.99500 lam_s 1.00503 log_ratio -0.0005 accept 0.9995 swapped_frac 0.9996
Time 170 i 5 lam_t 0.99000 lam_s 1.01010 log_ratio -0.0017 accept 0.9983 swapped_frac 0.9988
Time 170 i 5 lam_t 0.99500 lam_s 1.00503 log_ratio -0.0007 accept 0.9993 swapped_frac 0.9988
Time 153 i 6 lam_t 0.99000 lam_s 1.01010 log_ratio -0.0020 accept 0.9980 swapped_frac 0.9979
Time 153 i 6 lam_t 0.99500 lam_s 1.00503 log_ratio -0.0010 accept 0.9990 swapped_frac 0.9983
Time 136 i 7 lam_t 0.99000 lam_s 1.01010 log_ratio -0.0030 accept 0.9970 swapped_frac 0.9958
Time 136 i 7 lam_t 0.99500 lam_s 1.00503 log_ratio -0.0015 accept 0.9985 swapped_frac 0.9992
Time 119 i 8 lam_t 0.99000 lam_s 1.01010 log_ratio -0.0034 accept 0.9966 swapped_frac 0.9963
Time 119 i 8 lam_t 0.99500 lam_s 1.00503 log_ratio -0.0017 accept 0.9984 swapped_frac 0.9983
Time 102 i 9 lam_t 0.99000 lam_s 1.01010 log_ratio -0.0051 accept 0.9949 swapped_frac 0.9950
Time 102 i 9 lam_t 0.99500 lam_s 1.00503 log_ratio -0.0023 accept 0.9977 swapped_frac 0.9979
Time 85 i 10 lam_t 0.99000 lam_s 1.01010 log_ratio -0.0055 accept 0.9946 swapped_frac 0.9958
Time 85 i 10 lam_t 0.99500 lam_s 1.00503 log_ratio -0.0023 accept 0.9977 swapped_frac 0.9967
Time 68 i 11 lam_t 0.99000 lam_s 1.01010 log_ratio -0.0075 accept 0.9927 swapped_frac 0.9917
Time 68 i 11 lam_t 0.99500 lam_s 1.00503 log_ratio -0.0030 accept 0.9970 swapped_frac 0.9975
Time 51 i 12 lam_t 0.99000 lam_s 1.01010 log_ratio -0.0089 accept 0.9913 swapped_frac 0.9913
Time 51 i 12 lam_t 0.99500 lam_s 1.00503 log_ratio -0.0033 accept 0.9968 swapped_frac 0.9963
Time 34 i 13 lam_t 0.99000 lam_s 1.01010 log_ratio -0.0123 accept 0.9882 swapped_frac 0.9879
Time 34 i 13 lam_t 0.99500 lam_s 1.00503 log_ratio -0.0046 accept 0.9955 swapped_frac 0.9942
Time 17 i 14 lam_t 0.99000 lam_s 1.01010 log_ratio -0.0245 accept 0.9778 swapped_frac 0.9808
Time 17 i 14 lam_t 0.99500 lam_s 1.00503 log_ratio -0.0062 accept 0.9939 swapped_frac 0.9925
Best Sample: 3 log probability -0.733
Saved 1 samples to: logs/pointmaze-giant-navigate-v0/inference/plans/release_H400_T256_LimitsNormalizer_b1_condFalse/2026-07-14 22:49:02/3/0.png
Saved 1 samples to: logs/pointmaze-giant-navigate-v0/inference/plans/release_H400_T256_LimitsNormalizer_b1_condFalse/2026-07-14 22:49:02/3/rollout.png
Time 255 i 0 lam_t 0.99000 lam_s 1.01010 log_ratio 0.0000 accept 1.0000 swapped_frac 1.0000
Time 255 i 0 lam_t 0.99500 lam_s 1.00503 log_ratio 0.0000 accept 1.0000 swapped_frac 1.0000
Time 238 i 1 lam_t 0.99000 lam_s 1.01010 log_ratio -0.0001 accept 0.9999 swapped_frac 1.0000
Time 238 i 1 lam_t 0.99500 lam_s 1.00503 log_ratio -0.0000 accept 1.0000 swapped_frac 1.0000
Time 221 i 2 lam_t 0.99000 lam_s 1.01010 log_ratio -0.0003 accept 0.9997 swapped_frac 1.0000
Time 221 i 2 lam_t 0.99500 lam_s 1.00503 log_ratio -0.0001 accept 0.9999 swapped_frac 1.0000
Time 204 i 3 lam_t 0.99000 lam_s 1.01010 log_ratio -0.0006 accept 0.9994 swapped_frac 1.0000
Time 204 i 3 lam_t 0.99500 lam_s 1.00503 log_ratio -0.0003 accept 0.9997 swapped_frac 0.9996
Time 187 i 4 lam_t 0.99000 lam_s 1.01010 log_ratio -0.0011 accept 0.9989 swapped_frac 0.9996
Time 187 i 4 lam_t 0.99500 lam_s 1.00503 log_ratio -0.0005 accept 0.9995 swapped_frac 0.9992
Time 170 i 5 lam_t 0.99000 lam_s 1.01010 log_ratio -0.0016 accept 0.9984 swapped_frac 0.9992
Time 170 i 5 lam_t 0.99500 lam_s 1.00503 log_ratio -0.0009 accept 0.9991 swapped_frac 0.9996
Time 153 i 6 lam_t 0.99000 lam_s 1.01010 log_ratio -0.0024 accept 0.9976 swapped_frac 0.9967
Time 153 i 6 lam_t 0.99500 lam_s 1.00503 log_ratio -0.0011 accept 0.9989 swapped_frac 1.0000
Time 136 i 7 lam_t 0.99000 lam_s 1.01010 log_ratio -0.0036 accept 0.9965 swapped_frac 0.9967
Time 136 i 7 lam_t 0.99500 lam_s 1.00503 log_ratio -0.0016 accept 0.9984 swapped_frac 0.9975
Time 119 i 8 lam_t 0.99000 lam_s 1.01010 log_ratio -0.0040 accept 0.9960 swapped_frac 0.9958
Time 119 i 8 lam_t 0.99500 lam_s 1.00503 log_ratio -0.0019 accept 0.9981 swapped_frac 0.9988
Time 102 i 9 lam_t 0.99000 lam_s 1.01010 log_ratio -0.0059 accept 0.9942 swapped_frac 0.9963
Time 102 i 9 lam_t 0.99500 lam_s 1.00503 log_ratio -0.0025 accept 0.9976 swapped_frac 0.9983
Time 85 i 10 lam_t 0.99000 lam_s 1.01010 log_ratio -0.0055 accept 0.9946 swapped_frac 0.9946
Time 85 i 10 lam_t 0.99500 lam_s 1.00503 log_ratio -0.0028 accept 0.9972 swapped_frac 0.9950
Time 68 i 11 lam_t 0.99000 lam_s 1.01010 log_ratio -0.0070 accept 0.9931 swapped_frac 0.9913
Time 68 i 11 lam_t 0.99500 lam_s 1.00503 log_ratio -0.0035 accept 0.9965 swapped_frac 0.9975
Time 51 i 12 lam_t 0.99000 lam_s 1.01010 log_ratio -0.0091 accept 0.9912 swapped_frac 0.9921
Time 51 i 12 lam_t 0.99500 lam_s 1.00503 log_ratio -0.0038 accept 0.9962 swapped_frac 0.9942
Time 34 i 13 lam_t 0.99000 lam_s 1.01010 log_ratio -0.0136 accept 0.9868 swapped_frac 0.9825
Time 34 i 13 lam_t 0.99500 lam_s 1.00503 log_ratio -0.0060 accept 0.9942 swapped_frac 0.9921
Time 17 i 14 lam_t 0.99000 lam_s 1.01010 log_ratio -0.0215 accept 0.9804 swapped_frac 0.9821
Time 17 i 14 lam_t 0.99500 lam_s 1.00503 log_ratio -0.0093 accept 0.9913 swapped_frac 0.9921
Best Sample: 3 log probability -20.940
Saved 1 samples to: logs/pointmaze-giant-navigate-v0/inference/plans/release_H400_T256_LimitsNormalizer_b1_condFalse/2026-07-14 22:49:02/4/0.png
Saved 1 samples to: logs/pointmaze-giant-navigate-v0/inference/plans/release_H400_T256_LimitsNormalizer_b1_condFalse/2026-07-14 22:49:02/4/rollout.png
Time 255 i 0 lam_t 0.99000 lam_s 1.01010 log_ratio 0.0000 accept 1.0000 swapped_frac 1.0000
Time 255 i 0 lam_t 0.99500 lam_s 1.00503 log_ratio 0.0000 accept 1.0000 swapped_frac 1.0000
Time 238 i 1 lam_t 0.99000 lam_s 1.01010 log_ratio -0.0001 accept 0.9999 swapped_frac 1.0000
Time 238 i 1 lam_t 0.99500 lam_s 1.00503 log_ratio -0.0000 accept 1.0000 swapped_frac 1.0000
Time 221 i 2 lam_t 0.99000 lam_s 1.01010 log_ratio -0.0002 accept 0.9998 swapped_frac 1.0000
Time 221 i 2 lam_t 0.99500 lam_s 1.00503 log_ratio -0.0001 accept 0.9999 swapped_frac 1.0000
Time 204 i 3 lam_t 0.99000 lam_s 1.01010 log_ratio -0.0007 accept 0.9993 swapped_frac 0.9992
Time 204 i 3 lam_t 0.99500 lam_s 1.00503 log_ratio -0.0003 accept 0.9997 swapped_frac 1.0000
Time 187 i 4 lam_t 0.99000 lam_s 1.01010 log_ratio -0.0010 accept 0.9990 swapped_frac 0.9983
Time 187 i 4 lam_t 0.99500 lam_s 1.00503 log_ratio -0.0006 accept 0.9994 swapped_frac 0.9996
Time 170 i 5 lam_t 0.99000 lam_s 1.01010 log_ratio -0.0017 accept 0.9983 swapped_frac 0.9988
Time 170 i 5 lam_t 0.99500 lam_s 1.00503 log_ratio -0.0008 accept 0.9992 swapped_frac 0.9988
Time 153 i 6 lam_t 0.99000 lam_s 1.01010 log_ratio -0.0021 accept 0.9979 swapped_frac 0.9975
Time 153 i 6 lam_t 0.99500 lam_s 1.00503 log_ratio -0.0010 accept 0.9990 swapped_frac 0.9988
Time 136 i 7 lam_t 0.99000 lam_s 1.01010 log_ratio -0.0030 accept 0.9970 swapped_frac 0.9983
Time 136 i 7 lam_t 0.99500 lam_s 1.00503 log_ratio -0.0013 accept 0.9987 swapped_frac 0.9996
Time 119 i 8 lam_t 0.99000 lam_s 1.01010 log_ratio -0.0036 accept 0.9964 swapped_frac 0.9963
Time 119 i 8 lam_t 0.99500 lam_s 1.00503 log_ratio -0.0016 accept 0.9984 swapped_frac 0.9983
Time 102 i 9 lam_t 0.99000 lam_s 1.01010 log_ratio -0.0049 accept 0.9952 swapped_frac 0.9954
Time 102 i 9 lam_t 0.99500 lam_s 1.00503 log_ratio -0.0021 accept 0.9980 swapped_frac 0.9983
Time 85 i 10 lam_t 0.99000 lam_s 1.01010 log_ratio -0.0053 accept 0.9947 swapped_frac 0.9938
Time 85 i 10 lam_t 0.99500 lam_s 1.00503 log_ratio -0.0023 accept 0.9977 swapped_frac 0.9983
Time 68 i 11 lam_t 0.99000 lam_s 1.01010 log_ratio -0.0073 accept 0.9928 swapped_frac 0.9938
Time 68 i 11 lam_t 0.99500 lam_s 1.00503 log_ratio -0.0027 accept 0.9973 swapped_frac 0.9975
Time 51 i 12 lam_t 0.99000 lam_s 1.01010 log_ratio -0.0081 accept 0.9921 swapped_frac 0.9925
Time 51 i 12 lam_t 0.99500 lam_s 1.00503 log_ratio -0.0030 accept 0.9970 swapped_frac 0.9967
Time 34 i 13 lam_t 0.99000 lam_s 1.01010 log_ratio -0.0146 accept 0.9862 swapped_frac 0.9921
Time 34 i 13 lam_t 0.99500 lam_s 1.00503 log_ratio -0.0038 accept 0.9963 swapped_frac 0.9983
Time 17 i 14 lam_t 0.99000 lam_s 1.01010 log_ratio -0.0178 accept 0.9847 swapped_frac 0.9904
Time 17 i 14 lam_t 0.99500 lam_s 1.00503 log_ratio -0.0057 accept 0.9944 swapped_frac 0.9942
Best Sample: 3 log probability -0.175
Saved 1 samples to: logs/pointmaze-giant-navigate-v0/inference/plans/release_H400_T256_LimitsNormalizer_b1_condFalse/2026-07-14 22:49:02/5/0.png
Saved 1 samples to: logs/pointmaze-giant-navigate-v0/inference/plans/release_H400_T256_LimitsNormalizer_b1_condFalse/2026-07-14 22:49:02/5/rollout.png
Time 255 i 0 lam_t 0.99000 lam_s 1.01010 log_ratio 0.0000 accept 1.0000 swapped_frac 1.0000
Time 255 i 0 lam_t 0.99500 lam_s 1.00503 log_ratio 0.0000 accept 1.0000 swapped_frac 1.0000
Time 238 i 1 lam_t 0.99000 lam_s 1.01010 log_ratio -0.0001 accept 0.9999 swapped_frac 1.0000
Time 238 i 1 lam_t 0.99500 lam_s 1.00503 log_ratio -0.0000 accept 1.0000 swapped_frac 1.0000
Time 221 i 2 lam_t 0.99000 lam_s 1.01010 log_ratio -0.0003 accept 0.9997 swapped_frac 0.9996
Time 221 i 2 lam_t 0.99500 lam_s 1.00503 log_ratio -0.0002 accept 0.9998 swapped_frac 0.9996
Time 204 i 3 lam_t 0.99000 lam_s 1.01010 log_ratio -0.0007 accept 0.9993 swapped_frac 1.0000
Time 204 i 3 lam_t 0.99500 lam_s 1.00503 log_ratio -0.0003 accept 0.9997 swapped_frac 1.0000
Time 187 i 4 lam_t 0.99000 lam_s 1.01010 log_ratio -0.0012 accept 0.9988 swapped_frac 0.9988
Time 187 i 4 lam_t 0.99500 lam_s 1.00503 log_ratio -0.0005 accept 0.9995 swapped_frac 1.0000
Time 170 i 5 lam_t 0.99000 lam_s 1.01010 log_ratio -0.0023 accept 0.9977 swapped_frac 0.9971
Time 170 i 5 lam_t 0.99500 lam_s 1.00503 log_ratio -0.0008 accept 0.9992 swapped_frac 0.9988
Time 153 i 6 lam_t 0.99000 lam_s 1.01010 log_ratio -0.0023 accept 0.9977 swapped_frac 0.9963
Time 153 i 6 lam_t 0.99500 lam_s 1.00503 log_ratio -0.0011 accept 0.9989 swapped_frac 0.9992
Time 136 i 7 lam_t 0.99000 lam_s 1.01010 log_ratio -0.0035 accept 0.9965 swapped_frac 0.9942
Time 136 i 7 lam_t 0.99500 lam_s 1.00503 log_ratio -0.0015 accept 0.9985 swapped_frac 0.9996
Time 119 i 8 lam_t 0.99000 lam_s 1.01010 log_ratio -0.0046 accept 0.9955 swapped_frac 0.9971
Time 119 i 8 lam_t 0.99500 lam_s 1.00503 log_ratio -0.0021 accept 0.9979 swapped_frac 0.9983
Time 102 i 9 lam_t 0.99000 lam_s 1.01010 log_ratio -0.0051 accept 0.9949 swapped_frac 0.9933
Time 102 i 9 lam_t 0.99500 lam_s 1.00503 log_ratio -0.0024 accept 0.9976 swapped_frac 0.9971
Time 85 i 10 lam_t 0.99000 lam_s 1.01010 log_ratio -0.0073 accept 0.9928 swapped_frac 0.9900
Time 85 i 10 lam_t 0.99500 lam_s 1.00503 log_ratio -0.0031 accept 0.9969 swapped_frac 0.9971
Time 68 i 11 lam_t 0.99000 lam_s 1.01010 log_ratio -0.0079 accept 0.9922 swapped_frac 0.9925
Time 68 i 11 lam_t 0.99500 lam_s 1.00503 log_ratio -0.0036 accept 0.9964 swapped_frac 0.9958
Time 51 i 12 lam_t 0.99000 lam_s 1.01010 log_ratio -0.0130 accept 0.9874 swapped_frac 0.9850
Time 51 i 12 lam_t 0.99500 lam_s 1.00503 log_ratio -0.0048 accept 0.9953 swapped_frac 0.9971
Time 34 i 13 lam_t 0.99000 lam_s 1.01010 log_ratio -0.0172 accept 0.9835 swapped_frac 0.9842
Time 34 i 13 lam_t 0.99500 lam_s 1.00503 log_ratio -0.0061 accept 0.9940 swapped_frac 0.9925
Time 17 i 14 lam_t 0.99000 lam_s 1.01010 log_ratio -0.0336 accept 0.9696 swapped_frac 0.9675
Time 17 i 14 lam_t 0.99500 lam_s 1.00503 log_ratio -0.0138 accept 0.9869 swapped_frac 0.9883
Best Sample: 2 log probability -19.508
Saved 1 samples to: logs/pointmaze-giant-navigate-v0/inference/plans/release_H400_T256_LimitsNormalizer_b1_condFalse/2026-07-14 22:49:02/6/0.png
Saved 1 samples to: logs/pointmaze-giant-navigate-v0/inference/plans/release_H400_T256_LimitsNormalizer_b1_condFalse/2026-07-14 22:49:02/6/rollout.png
Time 255 i 0 lam_t 0.99000 lam_s 1.01010 log_ratio 0.0000 accept 1.0000 swapped_frac 1.0000
Time 255 i 0 lam_t 0.99500 lam_s 1.00503 log_ratio 0.0000 accept 1.0000 swapped_frac 1.0000
Time 238 i 1 lam_t 0.99000 lam_s 1.01010 log_ratio -0.0001 accept 0.9999 swapped_frac 1.0000
Time 238 i 1 lam_t 0.99500 lam_s 1.00503 log_ratio -0.0000 accept 1.0000 swapped_frac 0.9996
Time 221 i 2 lam_t 0.99000 lam_s 1.01010 log_ratio -0.0003 accept 0.9997 swapped_frac 0.9996
Time 221 i 2 lam_t 0.99500 lam_s 1.00503 log_ratio -0.0001 accept 0.9999 swapped_frac 1.0000
Time 204 i 3 lam_t 0.99000 lam_s 1.01010 log_ratio -0.0005 accept 0.9995 swapped_frac 0.9992
Time 204 i 3 lam_t 0.99500 lam_s 1.00503 log_ratio -0.0003 accept 0.9997 swapped_frac 0.9992
Time 187 i 4 lam_t 0.99000 lam_s 1.01010 log_ratio -0.0014 accept 0.9986 swapped_frac 0.9983
Time 187 i 4 lam_t 0.99500 lam_s 1.00503 log_ratio -0.0006 accept 0.9994 swapped_frac 0.9996
Time 170 i 5 lam_t 0.99000 lam_s 1.01010 log_ratio -0.0014 accept 0.9986 swapped_frac 0.9975
Time 170 i 5 lam_t 0.99500 lam_s 1.00503 log_ratio -0.0007 accept 0.9993 swapped_frac 0.9988
Time 153 i 6 lam_t 0.99000 lam_s 1.01010 log_ratio -0.0025 accept 0.9976 swapped_frac 0.9979
Time 153 i 6 lam_t 0.99500 lam_s 1.00503 log_ratio -0.0013 accept 0.9987 swapped_frac 0.9979
Time 136 i 7 lam_t 0.99000 lam_s 1.01010 log_ratio -0.0030 accept 0.9970 swapped_frac 0.9963
Time 136 i 7 lam_t 0.99500 lam_s 1.00503 log_ratio -0.0013 accept 0.9987 swapped_frac 0.9996
Time 119 i 8 lam_t 0.99000 lam_s 1.01010 log_ratio -0.0037 accept 0.9964 swapped_frac 0.9967
Time 119 i 8 lam_t 0.99500 lam_s 1.00503 log_ratio -0.0018 accept 0.9982 swapped_frac 0.9992
Time 102 i 9 lam_t 0.99000 lam_s 1.01010 log_ratio -0.0044 accept 0.9957 swapped_frac 0.9938
Time 102 i 9 lam_t 0.99500 lam_s 1.00503 log_ratio -0.0019 accept 0.9981 swapped_frac 0.9988
Time 85 i 10 lam_t 0.99000 lam_s 1.01010 log_ratio -0.0051 accept 0.9949 swapped_frac 0.9938
Time 85 i 10 lam_t 0.99500 lam_s 1.00503 log_ratio -0.0027 accept 0.9973 swapped_frac 0.9983
Time 68 i 11 lam_t 0.99000 lam_s 1.01010 log_ratio -0.0062 accept 0.9939 swapped_frac 0.9933
Time 68 i 11 lam_t 0.99500 lam_s 1.00503 log_ratio -0.0027 accept 0.9974 swapped_frac 0.9967
Time 51 i 12 lam_t 0.99000 lam_s 1.01010 log_ratio -0.0075 accept 0.9926 swapped_frac 0.9942
Time 51 i 12 lam_t 0.99500 lam_s 1.00503 log_ratio -0.0033 accept 0.9967 swapped_frac 0.9967
Time 34 i 13 lam_t 0.99000 lam_s 1.01010 log_ratio -0.0092 accept 0.9911 swapped_frac 0.9892
Time 34 i 13 lam_t 0.99500 lam_s 1.00503 log_ratio -0.0039 accept 0.9961 swapped_frac 0.9967
Time 17 i 14 lam_t 0.99000 lam_s 1.01010 log_ratio -0.0151 accept 0.9856 swapped_frac 0.9858
Time 17 i 14 lam_t 0.99500 lam_s 1.00503 log_ratio -0.0067 accept 0.9936 swapped_frac 0.9954
Best Sample: 2 log probability -0.000
Saved 1 samples to: logs/pointmaze-giant-navigate-v0/inference/plans/release_H400_T256_LimitsNormalizer_b1_condFalse/2026-07-14 22:49:02/7/0.png
Saved 1 samples to: logs/pointmaze-giant-navigate-v0/inference/plans/release_H400_T256_LimitsNormalizer_b1_condFalse/2026-07-14 22:49:02/7/rollout.png
Time 255 i 0 lam_t 0.99000 lam_s 1.01010 log_ratio 0.0000 accept 1.0000 swapped_frac 1.0000
Time 255 i 0 lam_t 0.99500 lam_s 1.00503 log_ratio 0.0000 accept 1.0000 swapped_frac 1.0000
Time 238 i 1 lam_t 0.99000 lam_s 1.01010 log_ratio -0.0001 accept 0.9999 swapped_frac 1.0000
Time 238 i 1 lam_t 0.99500 lam_s 1.00503 log_ratio -0.0000 accept 1.0000 swapped_frac 1.0000
Time 221 i 2 lam_t 0.99000 lam_s 1.01010 log_ratio -0.0003 accept 0.9997 swapped_frac 1.0000
Time 221 i 2 lam_t 0.99500 lam_s 1.00503 log_ratio -0.0001 accept 0.9999 swapped_frac 1.0000
Time 204 i 3 lam_t 0.99000 lam_s 1.01010 log_ratio -0.0007 accept 0.9993 swapped_frac 1.0000
Time 204 i 3 lam_t 0.99500 lam_s 1.00503 log_ratio -0.0003 accept 0.9997 swapped_frac 1.0000
Time 187 i 4 lam_t 0.99000 lam_s 1.01010 log_ratio -0.0011 accept 0.9989 swapped_frac 0.9992
Time 187 i 4 lam_t 0.99500 lam_s 1.00503 log_ratio -0.0005 accept 0.9995 swapped_frac 0.9996
Time 170 i 5 lam_t 0.99000 lam_s 1.01010 log_ratio -0.0016 accept 0.9984 swapped_frac 0.9996
Time 170 i 5 lam_t 0.99500 lam_s 1.00503 log_ratio -0.0008 accept 0.9992 swapped_frac 1.0000
Time 153 i 6 lam_t 0.99000 lam_s 1.01010 log_ratio -0.0019 accept 0.9982 swapped_frac 0.9992
Time 153 i 6 lam_t 0.99500 lam_s 1.00503 log_ratio -0.0011 accept 0.9989 swapped_frac 0.9996
Time 136 i 7 lam_t 0.99000 lam_s 1.01010 log_ratio -0.0028 accept 0.9972 swapped_frac 0.9983
Time 136 i 7 lam_t 0.99500 lam_s 1.00503 log_ratio -0.0015 accept 0.9985 swapped_frac 0.9988
Time 119 i 8 lam_t 0.99000 lam_s 1.01010 log_ratio -0.0031 accept 0.9969 swapped_frac 0.9958
Time 119 i 8 lam_t 0.99500 lam_s 1.00503 log_ratio -0.0018 accept 0.9982 swapped_frac 0.9979
Time 102 i 9 lam_t 0.99000 lam_s 1.01010 log_ratio -0.0042 accept 0.9959 swapped_frac 0.9954
Time 102 i 9 lam_t 0.99500 lam_s 1.00503 log_ratio -0.0023 accept 0.9978 swapped_frac 0.9975
Time 85 i 10 lam_t 0.99000 lam_s 1.01010 log_ratio -0.0044 accept 0.9957 swapped_frac 0.9950
Time 85 i 10 lam_t 0.99500 lam_s 1.00503 log_ratio -0.0027 accept 0.9973 swapped_frac 0.9971
Time 68 i 11 lam_t 0.99000 lam_s 1.01010 log_ratio -0.0049 accept 0.9952 swapped_frac 0.9950
Time 68 i 11 lam_t 0.99500 lam_s 1.00503 log_ratio -0.0033 accept 0.9968 swapped_frac 0.9979
Time 51 i 12 lam_t 0.99000 lam_s 1.01010 log_ratio -0.0057 accept 0.9943 swapped_frac 0.9958
Time 51 i 12 lam_t 0.99500 lam_s 1.00503 log_ratio -0.0049 accept 0.9952 swapped_frac 0.9933
Time 34 i 13 lam_t 0.99000 lam_s 1.01010 log_ratio -0.0088 accept 0.9916 swapped_frac 0.9933
Time 34 i 13 lam_t 0.99500 lam_s 1.00503 log_ratio -0.0059 accept 0.9942 swapped_frac 0.9929
Time 17 i 14 lam_t 0.99000 lam_s 1.01010 log_ratio -0.0120 accept 0.9888 swapped_frac 0.9888
Time 17 i 14 lam_t 0.99500 lam_s 1.00503 log_ratio -0.0108 accept 0.9895 swapped_frac 0.9917
Best Sample: 1 log probability -0.260
Saved 1 samples to: logs/pointmaze-giant-navigate-v0/inference/plans/release_H400_T256_LimitsNormalizer_b1_condFalse/2026-07-14 22:49:02/8/0.png
Saved 1 samples to: logs/pointmaze-giant-navigate-v0/inference/plans/release_H400_T256_LimitsNormalizer_b1_condFalse/2026-07-14 22:49:02/8/rollout.png
Time 255 i 0 lam_t 0.99000 lam_s 1.01010 log_ratio 0.0000 accept 1.0000 swapped_frac 1.0000
Time 255 i 0 lam_t 0.99500 lam_s 1.00503 log_ratio 0.0000 accept 1.0000 swapped_frac 1.0000
Time 238 i 1 lam_t 0.99000 lam_s 1.01010 log_ratio -0.0001 accept 0.9999 swapped_frac 1.0000
Time 238 i 1 lam_t 0.99500 lam_s 1.00503 log_ratio -0.0000 accept 1.0000 swapped_frac 1.0000
Time 221 i 2 lam_t 0.99000 lam_s 1.01010 log_ratio -0.0003 accept 0.9997 swapped_frac 0.9992
Time 221 i 2 lam_t 0.99500 lam_s 1.00503 log_ratio -0.0001 accept 0.9999 swapped_frac 1.0000
Time 204 i 3 lam_t 0.99000 lam_s 1.01010 log_ratio -0.0006 accept 0.9994 swapped_frac 0.9988
Time 204 i 3 lam_t 0.99500 lam_s 1.00503 log_ratio -0.0003 accept 0.9997 swapped_frac 0.9996
Time 187 i 4 lam_t 0.99000 lam_s 1.01010 log_ratio -0.0011 accept 0.9989 swapped_frac 0.9992
Time 187 i 4 lam_t 0.99500 lam_s 1.00503 log_ratio -0.0005 accept 0.9995 swapped_frac 0.9992
Time 170 i 5 lam_t 0.99000 lam_s 1.01010 log_ratio -0.0016 accept 0.9984 swapped_frac 0.9983
Time 170 i 5 lam_t 0.99500 lam_s 1.00503 log_ratio -0.0009 accept 0.9991 swapped_frac 1.0000
Time 153 i 6 lam_t 0.99000 lam_s 1.01010 log_ratio -0.0022 accept 0.9978 swapped_frac 0.9992
Time 153 i 6 lam_t 0.99500 lam_s 1.00503 log_ratio -0.0011 accept 0.9989 swapped_frac 0.9988
Time 136 i 7 lam_t 0.99000 lam_s 1.01010 log_ratio -0.0028 accept 0.9972 swapped_frac 0.9975
Time 136 i 7 lam_t 0.99500 lam_s 1.00503 log_ratio -0.0017 accept 0.9983 swapped_frac 0.9975
Time 119 i 8 lam_t 0.99000 lam_s 1.01010 log_ratio -0.0043 accept 0.9958 swapped_frac 0.9967
Time 119 i 8 lam_t 0.99500 lam_s 1.00503 log_ratio -0.0017 accept 0.9983 swapped_frac 0.9992
Time 102 i 9 lam_t 0.99000 lam_s 1.01010 log_ratio -0.0042 accept 0.9958 swapped_frac 0.9946
Time 102 i 9 lam_t 0.99500 lam_s 1.00503 log_ratio -0.0026 accept 0.9974 swapped_frac 0.9946
Time 85 i 10 lam_t 0.99000 lam_s 1.01010 log_ratio -0.0057 accept 0.9944 swapped_frac 0.9958
Time 85 i 10 lam_t 0.99500 lam_s 1.00503 log_ratio -0.0023 accept 0.9977 swapped_frac 0.9983
Time 68 i 11 lam_t 0.99000 lam_s 1.01010 log_ratio -0.0062 accept 0.9939 swapped_frac 0.9933
Time 68 i 11 lam_t 0.99500 lam_s 1.00503 log_ratio -0.0041 accept 0.9959 swapped_frac 0.9954
Time 51 i 12 lam_t 0.99000 lam_s 1.01010 log_ratio -0.0092 accept 0.9910 swapped_frac 0.9938
Time 51 i 12 lam_t 0.99500 lam_s 1.00503 log_ratio -0.0038 accept 0.9963 swapped_frac 0.9963
Time 34 i 13 lam_t 0.99000 lam_s 1.01010 log_ratio -0.0105 accept 0.9898 swapped_frac 0.9879
Time 34 i 13 lam_t 0.99500 lam_s 1.00503 log_ratio -0.0074 accept 0.9929 swapped_frac 0.9954
Time 17 i 14 lam_t 0.99000 lam_s 1.01010 log_ratio -0.0192 accept 0.9822 swapped_frac 0.9779
Time 17 i 14 lam_t 0.99500 lam_s 1.00503 log_ratio -0.0096 accept 0.9906 swapped_frac 0.9929
Best Sample: 0 log probability -0.461
Saved 1 samples to: logs/pointmaze-giant-navigate-v0/inference/plans/release_H400_T256_LimitsNormalizer_b1_condFalse/2026-07-14 22:49:02/9/0.png
Saved 1 samples to: logs/pointmaze-giant-navigate-v0/inference/plans/release_H400_T256_LimitsNormalizer_b1_condFalse/2026-07-14 22:49:02/9/rollout.png
Time 255 i 0 lam_t 0.99000 lam_s 1.01010 log_ratio 0.0000 accept 1.0000 swapped_frac 1.0000
Time 255 i 0 lam_t 0.99500 lam_s 1.00503 log_ratio 0.0000 accept 1.0000 swapped_frac 1.0000
Time 238 i 1 lam_t 0.99000 lam_s 1.01010 log_ratio -0.0001 accept 0.9999 swapped_frac 1.0000
Time 238 i 1 lam_t 0.99500 lam_s 1.00503 log_ratio -0.0000 accept 1.0000 swapped_frac 1.0000
Time 221 i 2 lam_t 0.99000 lam_s 1.01010 log_ratio -0.0003 accept 0.9997 swapped_frac 0.9996
Time 221 i 2 lam_t 0.99500 lam_s 1.00503 log_ratio -0.0001 accept 0.9999 swapped_frac 1.0000
Time 204 i 3 lam_t 0.99000 lam_s 1.01010 log_ratio -0.0006 accept 0.9994 swapped_frac 1.0000
Time 204 i 3 lam_t 0.99500 lam_s 1.00503 log_ratio -0.0003 accept 0.9997 swapped_frac 0.9996
Time 187 i 4 lam_t 0.99000 lam_s 1.01010 log_ratio -0.0011 accept 0.9989 swapped_frac 0.9988
Time 187 i 4 lam_t 0.99500 lam_s 1.00503 log_ratio -0.0006 accept 0.9994 swapped_frac 0.9996
Time 170 i 5 lam_t 0.99000 lam_s 1.01010 log_ratio -0.0014 accept 0.9986 swapped_frac 0.9979
Time 170 i 5 lam_t 0.99500 lam_s 1.00503 log_ratio -0.0007 accept 0.9993 swapped_frac 0.9996
Time 153 i 6 lam_t 0.99000 lam_s 1.01010 log_ratio -0.0023 accept 0.9977 swapped_frac 0.9975
Time 153 i 6 lam_t 0.99500 lam_s 1.00503 log_ratio -0.0011 accept 0.9990 swapped_frac 0.9988
Time 136 i 7 lam_t 0.99000 lam_s 1.01010 log_ratio -0.0027 accept 0.9974 swapped_frac 0.9938
Time 136 i 7 lam_t 0.99500 lam_s 1.00503 log_ratio -0.0014 accept 0.9986 swapped_frac 0.9983
Time 119 i 8 lam_t 0.99000 lam_s 1.01010 log_ratio -0.0035 accept 0.9965 swapped_frac 0.9971
Time 119 i 8 lam_t 0.99500 lam_s 1.00503 log_ratio -0.0017 accept 0.9983 swapped_frac 0.9983
Time 102 i 9 lam_t 0.99000 lam_s 1.01010 log_ratio -0.0045 accept 0.9956 swapped_frac 0.9950
Time 102 i 9 lam_t 0.99500 lam_s 1.00503 log_ratio -0.0020 accept 0.9980 swapped_frac 0.9975
Time 85 i 10 lam_t 0.99000 lam_s 1.01010 log_ratio -0.0046 accept 0.9954 swapped_frac 0.9938
Time 85 i 10 lam_t 0.99500 lam_s 1.00503 log_ratio -0.0029 accept 0.9971 swapped_frac 0.9975
Time 68 i 11 lam_t 0.99000 lam_s 1.01010 log_ratio -0.0062 accept 0.9939 swapped_frac 0.9946
Time 68 i 11 lam_t 0.99500 lam_s 1.00503 log_ratio -0.0031 accept 0.9970 swapped_frac 0.9975
Time 51 i 12 lam_t 0.99000 lam_s 1.01010 log_ratio -0.0062 accept 0.9940 swapped_frac 0.9917
Time 51 i 12 lam_t 0.99500 lam_s 1.00503 log_ratio -0.0036 accept 0.9964 swapped_frac 0.9942
Time 34 i 13 lam_t 0.99000 lam_s 1.01010 log_ratio -0.0076 accept 0.9926 swapped_frac 0.9913
Time 34 i 13 lam_t 0.99500 lam_s 1.00503 log_ratio -0.0044 accept 0.9957 swapped_frac 0.9963
Time 17 i 14 lam_t 0.99000 lam_s 1.01010 log_ratio -0.0127 accept 0.9886 swapped_frac 0.9913
Time 17 i 14 lam_t 0.99500 lam_s 1.00503 log_ratio -0.0084 accept 0.9922 swapped_frac 0.9921
Best Sample: 1 log probability -0.576
Saved 1 samples to: logs/pointmaze-giant-navigate-v0/inference/plans/release_H400_T256_LimitsNormalizer_b1_condFalse/2026-07-14 22:49:02/10/0.png
Saved 1 samples to: logs/pointmaze-giant-navigate-v0/inference/plans/release_H400_T256_LimitsNormalizer_b1_condFalse/2026-07-14 22:49:02/10/rollout.png
Time 255 i 0 lam_t 0.99000 lam_s 1.01010 log_ratio 0.0000 accept 1.0000 swapped_frac 1.0000
Time 255 i 0 lam_t 0.99500 lam_s 1.00503 log_ratio 0.0000 accept 1.0000 swapped_frac 1.0000
Time 238 i 1 lam_t 0.99000 lam_s 1.01010 log_ratio -0.0001 accept 0.9999 swapped_frac 1.0000
Time 238 i 1 lam_t 0.99500 lam_s 1.00503 log_ratio -0.0000 accept 1.0000 swapped_frac 1.0000
Time 221 i 2 lam_t 0.99000 lam_s 1.01010 log_ratio -0.0003 accept 0.9997 swapped_frac 0.9996
Time 221 i 2 lam_t 0.99500 lam_s 1.00503 log_ratio -0.0001 accept 0.9999 swapped_frac 1.0000
Time 204 i 3 lam_t 0.99000 lam_s 1.01010 log_ratio -0.0006 accept 0.9994 swapped_frac 0.9992
Time 204 i 3 lam_t 0.99500 lam_s 1.00503 log_ratio -0.0003 accept 0.9997 swapped_frac 0.9996
Time 187 i 4 lam_t 0.99000 lam_s 1.01010 log_ratio -0.0010 accept 0.9990 swapped_frac 0.9988
Time 187 i 4 lam_t 0.99500 lam_s 1.00503 log_ratio -0.0006 accept 0.9995 swapped_frac 0.9988
Time 170 i 5 lam_t 0.99000 lam_s 1.01010 log_ratio -0.0015 accept 0.9985 swapped_frac 0.9983
Time 170 i 5 lam_t 0.99500 lam_s 1.00503 log_ratio -0.0008 accept 0.9992 swapped_frac 0.9992
Time 153 i 6 lam_t 0.99000 lam_s 1.01010 log_ratio -0.0020 accept 0.9980 swapped_frac 0.9988
Time 153 i 6 lam_t 0.99500 lam_s 1.00503 log_ratio -0.0011 accept 0.9989 swapped_frac 0.9996
Time 136 i 7 lam_t 0.99000 lam_s 1.01010 log_ratio -0.0026 accept 0.9974 swapped_frac 0.9975
Time 136 i 7 lam_t 0.99500 lam_s 1.00503 log_ratio -0.0014 accept 0.9986 swapped_frac 0.9988
Time 119 i 8 lam_t 0.99000 lam_s 1.01010 log_ratio -0.0031 accept 0.9969 swapped_frac 0.9967
Time 119 i 8 lam_t 0.99500 lam_s 1.00503 log_ratio -0.0017 accept 0.9983 swapped_frac 0.9979
Time 102 i 9 lam_t 0.99000 lam_s 1.01010 log_ratio -0.0036 accept 0.9965 swapped_frac 0.9975
Time 102 i 9 lam_t 0.99500 lam_s 1.00503 log_ratio -0.0019 accept 0.9981 swapped_frac 0.9992
Time 85 i 10 lam_t 0.99000 lam_s 1.01010 log_ratio -0.0039 accept 0.9961 swapped_frac 0.9967
Time 85 i 10 lam_t 0.99500 lam_s 1.00503 log_ratio -0.0027 accept 0.9974 swapped_frac 0.9975
Time 68 i 11 lam_t 0.99000 lam_s 1.01010 log_ratio -0.0042 accept 0.9958 swapped_frac 0.9971
Time 68 i 11 lam_t 0.99500 lam_s 1.00503 log_ratio -0.0026 accept 0.9975 swapped_frac 0.9954
Time 51 i 12 lam_t 0.99000 lam_s 1.01010 log_ratio -0.0041 accept 0.9959 swapped_frac 0.9958
Time 51 i 12 lam_t 0.99500 lam_s 1.00503 log_ratio -0.0038 accept 0.9962 swapped_frac 0.9971
Time 34 i 13 lam_t 0.99000 lam_s 1.01010 log_ratio -0.0042 accept 0.9959 swapped_frac 0.9938
Time 34 i 13 lam_t 0.99500 lam_s 1.00503 log_ratio -0.0032 accept 0.9968 swapped_frac 0.9983
Time 17 i 14 lam_t 0.99000 lam_s 1.01010 log_ratio -0.0040 accept 0.9961 swapped_frac 0.9938
Time 17 i 14 lam_t 0.99500 lam_s 1.00503 log_ratio -0.0097 accept 0.9912 swapped_frac 0.9917
Best Sample: 1 log probability -0.186
Saved 1 samples to: logs/pointmaze-giant-navigate-v0/inference/plans/release_H400_T256_LimitsNormalizer_b1_condFalse/2026-07-14 22:49:02/11/0.png
Saved 1 samples to: logs/pointmaze-giant-navigate-v0/inference/plans/release_H400_T256_LimitsNormalizer_b1_condFalse/2026-07-14 22:49:02/11/rollout.png
Time 255 i 0 lam_t 0.99000 lam_s 1.01010 log_ratio 0.0000 accept 1.0000 swapped_frac 1.0000
Time 255 i 0 lam_t 0.99500 lam_s 1.00503 log_ratio 0.0000 accept 1.0000 swapped_frac 1.0000
Time 238 i 1 lam_t 0.99000 lam_s 1.01010 log_ratio -0.0001 accept 0.9999 swapped_frac 1.0000
Time 238 i 1 lam_t 0.99500 lam_s 1.00503 log_ratio -0.0000 accept 1.0000 swapped_frac 0.9996
Time 221 i 2 lam_t 0.99000 lam_s 1.01010 log_ratio -0.0003 accept 0.9997 swapped_frac 1.0000
Time 221 i 2 lam_t 0.99500 lam_s 1.00503 log_ratio -0.0001 accept 0.9999 swapped_frac 0.9996
Time 204 i 3 lam_t 0.99000 lam_s 1.01010 log_ratio -0.0008 accept 0.9992 swapped_frac 0.9996
Time 204 i 3 lam_t 0.99500 lam_s 1.00503 log_ratio -0.0003 accept 0.9997 swapped_frac 0.9992
Time 187 i 4 lam_t 0.99000 lam_s 1.01010 log_ratio -0.0011 accept 0.9989 swapped_frac 0.9992
Time 187 i 4 lam_t 0.99500 lam_s 1.00503 log_ratio -0.0006 accept 0.9994 swapped_frac 0.9996
Time 170 i 5 lam_t 0.99000 lam_s 1.01010 log_ratio -0.0015 accept 0.9985 swapped_frac 0.9971
Time 170 i 5 lam_t 0.99500 lam_s 1.00503 log_ratio -0.0007 accept 0.9993 swapped_frac 0.9996
Time 153 i 6 lam_t 0.99000 lam_s 1.01010 log_ratio -0.0023 accept 0.9977 swapped_frac 0.9967
Time 153 i 6 lam_t 0.99500 lam_s 1.00503 log_ratio -0.0011 accept 0.9989 swapped_frac 0.9988
Time 136 i 7 lam_t 0.99000 lam_s 1.01010 log_ratio -0.0028 accept 0.9972 swapped_frac 0.9975
Time 136 i 7 lam_t 0.99500 lam_s 1.00503 log_ratio -0.0013 accept 0.9987 swapped_frac 0.9971
Time 119 i 8 lam_t 0.99000 lam_s 1.01010 log_ratio -0.0038 accept 0.9962 swapped_frac 0.9954
Time 119 i 8 lam_t 0.99500 lam_s 1.00503 log_ratio -0.0017 accept 0.9983 swapped_frac 0.9983
Time 102 i 9 lam_t 0.99000 lam_s 1.01010 log_ratio -0.0046 accept 0.9955 swapped_frac 0.9938
Time 102 i 9 lam_t 0.99500 lam_s 1.00503 log_ratio -0.0022 accept 0.9978 swapped_frac 0.9988
Time 85 i 10 lam_t 0.99000 lam_s 1.01010 log_ratio -0.0065 accept 0.9936 swapped_frac 0.9921
Time 85 i 10 lam_t 0.99500 lam_s 1.00503 log_ratio -0.0063 accept 0.9938 swapped_frac 0.9938
Time 68 i 11 lam_t 0.99000 lam_s 1.01010 log_ratio -0.0056 accept 0.9945 swapped_frac 0.9946
Time 68 i 11 lam_t 0.99500 lam_s 1.00503 log_ratio -0.0037 accept 0.9964 swapped_frac 0.9958
Time 51 i 12 lam_t 0.99000 lam_s 1.01010 log_ratio -0.0082 accept 0.9921 swapped_frac 0.9925
Time 51 i 12 lam_t 0.99500 lam_s 1.00503 log_ratio -0.0052 accept 0.9949 swapped_frac 0.9950
Time 34 i 13 lam_t 0.99000 lam_s 1.01010 log_ratio -0.0081 accept 0.9921 swapped_frac 0.9938
Time 34 i 13 lam_t 0.99500 lam_s 1.00503 log_ratio -0.0054 accept 0.9947 swapped_frac 0.9950
Time 17 i 14 lam_t 0.99000 lam_s 1.01010 log_ratio -0.0131 accept 0.9875 swapped_frac 0.9854
Time 17 i 14 lam_t 0.99500 lam_s 1.00503 log_ratio -0.0071 accept 0.9930 swapped_frac 0.9938
Best Sample: 0 log probability -11.985
Saved 1 samples to: logs/pointmaze-giant-navigate-v0/inference/plans/release_H400_T256_LimitsNormalizer_b1_condFalse/2026-07-14 22:49:02/12/0.png
Saved 1 samples to: logs/pointmaze-giant-navigate-v0/inference/plans/release_H400_T256_LimitsNormalizer_b1_condFalse/2026-07-14 22:49:02/12/rollout.png
Time 255 i 0 lam_t 0.99000 lam_s 1.01010 log_ratio 0.0000 accept 1.0000 swapped_frac 1.0000
Time 255 i 0 lam_t 0.99500 lam_s 1.00503 log_ratio 0.0000 accept 1.0000 swapped_frac 1.0000
Time 238 i 1 lam_t 0.99000 lam_s 1.01010 log_ratio -0.0001 accept 0.9999 swapped_frac 1.0000
Time 238 i 1 lam_t 0.99500 lam_s 1.00503 log_ratio -0.0000 accept 1.0000 swapped_frac 1.0000
Time 221 i 2 lam_t 0.99000 lam_s 1.01010 log_ratio -0.0003 accept 0.9997 swapped_frac 0.9992
Time 221 i 2 lam_t 0.99500 lam_s 1.00503 log_ratio -0.0001 accept 0.9999 swapped_frac 1.0000
Time 204 i 3 lam_t 0.99000 lam_s 1.01010 log_ratio -0.0006 accept 0.9994 swapped_frac 0.9992
Time 204 i 3 lam_t 0.99500 lam_s 1.00503 log_ratio -0.0003 accept 0.9997 swapped_frac 1.0000
Time 187 i 4 lam_t 0.99000 lam_s 1.01010 log_ratio -0.0011 accept 0.9989 swapped_frac 0.9992
Time 187 i 4 lam_t 0.99500 lam_s 1.00503 log_ratio -0.0005 accept 0.9995 swapped_frac 1.0000
Time 170 i 5 lam_t 0.99000 lam_s 1.01010 log_ratio -0.0015 accept 0.9985 swapped_frac 0.9988
Time 170 i 5 lam_t 0.99500 lam_s 1.00503 log_ratio -0.0008 accept 0.9992 swapped_frac 0.9992
Time 153 i 6 lam_t 0.99000 lam_s 1.01010 log_ratio -0.0024 accept 0.9976 swapped_frac 0.9979
Time 153 i 6 lam_t 0.99500 lam_s 1.00503 log_ratio -0.0010 accept 0.9990 swapped_frac 0.9983
Time 136 i 7 lam_t 0.99000 lam_s 1.01010 log_ratio -0.0027 accept 0.9973 swapped_frac 0.9975
Time 136 i 7 lam_t 0.99500 lam_s 1.00503 log_ratio -0.0015 accept 0.9985 swapped_frac 0.9988
Time 119 i 8 lam_t 0.99000 lam_s 1.01010 log_ratio -0.0039 accept 0.9961 swapped_frac 0.9938
Time 119 i 8 lam_t 0.99500 lam_s 1.00503 log_ratio -0.0018 accept 0.9982 swapped_frac 0.9992
Time 102 i 9 lam_t 0.99000 lam_s 1.01010 log_ratio -0.0045 accept 0.9956 swapped_frac 0.9963
Time 102 i 9 lam_t 0.99500 lam_s 1.00503 log_ratio -0.0024 accept 0.9976 swapped_frac 0.9979
Time 85 i 10 lam_t 0.99000 lam_s 1.01010 log_ratio -0.0063 accept 0.9939 swapped_frac 0.9925
Time 85 i 10 lam_t 0.99500 lam_s 1.00503 log_ratio -0.0026 accept 0.9974 swapped_frac 0.9975
Time 68 i 11 lam_t 0.99000 lam_s 1.01010 log_ratio -0.0065 accept 0.9936 swapped_frac 0.9921
Time 68 i 11 lam_t 0.99500 lam_s 1.00503 log_ratio -0.0036 accept 0.9964 swapped_frac 0.9975
Time 51 i 12 lam_t 0.99000 lam_s 1.01010 log_ratio -0.0091 accept 0.9912 swapped_frac 0.9892
Time 51 i 12 lam_t 0.99500 lam_s 1.00503 log_ratio -0.0040 accept 0.9961 swapped_frac 0.9954
Time 34 i 13 lam_t 0.99000 lam_s 1.01010 log_ratio -0.0113 accept 0.9893 swapped_frac 0.9842
Time 34 i 13 lam_t 0.99500 lam_s 1.00503 log_ratio -0.0054 accept 0.9947 swapped_frac 0.9946
Time 17 i 14 lam_t 0.99000 lam_s 1.01010 log_ratio -0.0197 accept 0.9816 swapped_frac 0.9804
Time 17 i 14 lam_t 0.99500 lam_s 1.00503 log_ratio -0.0082 accept 0.9920 swapped_frac 0.9917
Best Sample: 3 log probability -13.199
Saved 1 samples to: logs/pointmaze-giant-navigate-v0/inference/plans/release_H400_T256_LimitsNormalizer_b1_condFalse/2026-07-14 22:49:02/13/0.png
Saved 1 samples to: logs/pointmaze-giant-navigate-v0/inference/plans/release_H400_T256_LimitsNormalizer_b1_condFalse/2026-07-14 22:49:02/13/rollout.png
Time 255 i 0 lam_t 0.99000 lam_s 1.01010 log_ratio 0.0000 accept 1.0000 swapped_frac 1.0000
Time 255 i 0 lam_t 0.99500 lam_s 1.00503 log_ratio 0.0000 accept 1.0000 swapped_frac 1.0000
Time 238 i 1 lam_t 0.99000 lam_s 1.01010 log_ratio -0.0001 accept 0.9999 swapped_frac 1.0000
Time 238 i 1 lam_t 0.99500 lam_s 1.00503 log_ratio -0.0000 accept 1.0000 swapped_frac 1.0000
Time 221 i 2 lam_t 0.99000 lam_s 1.01010 log_ratio -0.0003 accept 0.9997 swapped_frac 0.9996
Time 221 i 2 lam_t 0.99500 lam_s 1.00503 log_ratio -0.0001 accept 0.9999 swapped_frac 1.0000
Time 204 i 3 lam_t 0.99000 lam_s 1.01010 log_ratio -0.0006 accept 0.9994 swapped_frac 1.0000
Time 204 i 3 lam_t 0.99500 lam_s 1.00503 log_ratio -0.0003 accept 0.9997 swapped_frac 1.0000
Time 187 i 4 lam_t 0.99000 lam_s 1.01010 log_ratio -0.0013 accept 0.9987 swapped_frac 0.9988
Time 187 i 4 lam_t 0.99500 lam_s 1.00503 log_ratio -0.0005 accept 0.9995 swapped_frac 1.0000
Time 170 i 5 lam_t 0.99000 lam_s 1.01010 log_ratio -0.0014 accept 0.9986 swapped_frac 0.9988
Time 170 i 5 lam_t 0.99500 lam_s 1.00503 log_ratio -0.0008 accept 0.9992 swapped_frac 0.9988
Time 153 i 6 lam_t 0.99000 lam_s 1.01010 log_ratio -0.0025 accept 0.9975 swapped_frac 0.9979
Time 153 i 6 lam_t 0.99500 lam_s 1.00503 log_ratio -0.0011 accept 0.9989 swapped_frac 0.9992
Time 136 i 7 lam_t 0.99000 lam_s 1.01010 log_ratio -0.0027 accept 0.9973 swapped_frac 0.9975
Time 136 i 7 lam_t 0.99500 lam_s 1.00503 log_ratio -0.0014 accept 0.9986 swapped_frac 0.9992
Time 119 i 8 lam_t 0.99000 lam_s 1.01010 log_ratio -0.0046 accept 0.9954 swapped_frac 0.9942
Time 119 i 8 lam_t 0.99500 lam_s 1.00503 log_ratio -0.0020 accept 0.9980 swapped_frac 0.9979
Time 102 i 9 lam_t 0.99000 lam_s 1.01010 log_ratio -0.0039 accept 0.9961 swapped_frac 0.9933
Time 102 i 9 lam_t 0.99500 lam_s 1.00503 log_ratio -0.0021 accept 0.9979 swapped_frac 0.9963
Time 85 i 10 lam_t 0.99000 lam_s 1.01010 log_ratio -0.0071 accept 0.9930 swapped_frac 0.9929
Time 85 i 10 lam_t 0.99500 lam_s 1.00503 log_ratio -0.0028 accept 0.9972 swapped_frac 0.9979
Time 68 i 11 lam_t 0.99000 lam_s 1.01010 log_ratio -0.0055 accept 0.9946 swapped_frac 0.9942
Time 68 i 11 lam_t 0.99500 lam_s 1.00503 log_ratio -0.0032 accept 0.9969 swapped_frac 0.9988
Time 51 i 12 lam_t 0.99000 lam_s 1.01010 log_ratio -0.0099 accept 0.9904 swapped_frac 0.9883
Time 51 i 12 lam_t 0.99500 lam_s 1.00503 log_ratio -0.0043 accept 0.9958 swapped_frac 0.9971
Time 34 i 13 lam_t 0.99000 lam_s 1.01010 log_ratio -0.0090 accept 0.9914 swapped_frac 0.9908
Time 34 i 13 lam_t 0.99500 lam_s 1.00503 log_ratio -0.0047 accept 0.9954 swapped_frac 0.9958
Time 17 i 14 lam_t 0.99000 lam_s 1.01010 log_ratio -0.0223 accept 0.9802 swapped_frac 0.9833
Time 17 i 14 lam_t 0.99500 lam_s 1.00503 log_ratio -0.0095 accept 0.9908 swapped_frac 0.9879
Best Sample: 0 log probability -0.001
Saved 1 samples to: logs/pointmaze-giant-navigate-v0/inference/plans/release_H400_T256_LimitsNormalizer_b1_condFalse/2026-07-14 22:49:02/14/0.png
Saved 1 samples to: logs/pointmaze-giant-navigate-v0/inference/plans/release_H400_T256_LimitsNormalizer_b1_condFalse/2026-07-14 22:49:02/14/rollout.png
Time 255 i 0 lam_t 0.99000 lam_s 1.01010 log_ratio 0.0000 accept 1.0000 swapped_frac 1.0000
Time 255 i 0 lam_t 0.99500 lam_s 1.00503 log_ratio 0.0000 accept 1.0000 swapped_frac 1.0000
Time 238 i 1 lam_t 0.99000 lam_s 1.01010 log_ratio -0.0001 accept 0.9999 swapped_frac 1.0000
Time 238 i 1 lam_t 0.99500 lam_s 1.00503 log_ratio -0.0000 accept 1.0000 swapped_frac 1.0000
Time 221 i 2 lam_t 0.99000 lam_s 1.01010 log_ratio -0.0003 accept 0.9997 swapped_frac 1.0000
Time 221 i 2 lam_t 0.99500 lam_s 1.00503 log_ratio -0.0001 accept 0.9999 swapped_frac 1.0000
Time 204 i 3 lam_t 0.99000 lam_s 1.01010 log_ratio -0.0005 accept 0.9995 swapped_frac 0.9996
Time 204 i 3 lam_t 0.99500 lam_s 1.00503 log_ratio -0.0004 accept 0.9996 swapped_frac 1.0000
Time 187 i 4 lam_t 0.99000 lam_s 1.01010 log_ratio -0.0010 accept 0.9990 swapped_frac 0.9988
Time 187 i 4 lam_t 0.99500 lam_s 1.00503 log_ratio -0.0005 accept 0.9995 swapped_frac 0.9996
Time 170 i 5 lam_t 0.99000 lam_s 1.01010 log_ratio -0.0016 accept 0.9984 swapped_frac 0.9983
Time 170 i 5 lam_t 0.99500 lam_s 1.00503 log_ratio -0.0009 accept 0.9991 swapped_frac 0.9992
Time 153 i 6 lam_t 0.99000 lam_s 1.01010 log_ratio -0.0022 accept 0.9978 swapped_frac 0.9988
Time 153 i 6 lam_t 0.99500 lam_s 1.00503 log_ratio -0.0012 accept 0.9988 swapped_frac 0.9992
Time 136 i 7 lam_t 0.99000 lam_s 1.01010 log_ratio -0.0026 accept 0.9974 swapped_frac 0.9983
Time 136 i 7 lam_t 0.99500 lam_s 1.00503 log_ratio -0.0017 accept 0.9983 swapped_frac 0.9975
Time 119 i 8 lam_t 0.99000 lam_s 1.01010 log_ratio -0.0040 accept 0.9961 swapped_frac 0.9967
Time 119 i 8 lam_t 0.99500 lam_s 1.00503 log_ratio -0.0027 accept 0.9973 swapped_frac 0.9992
Time 102 i 9 lam_t 0.99000 lam_s 1.01010 log_ratio -0.0044 accept 0.9957 swapped_frac 0.9958
Time 102 i 9 lam_t 0.99500 lam_s 1.00503 log_ratio -0.0022 accept 0.9978 swapped_frac 0.9979
Time 85 i 10 lam_t 0.99000 lam_s 1.01010 log_ratio -0.0055 accept 0.9946 swapped_frac 0.9954
Time 85 i 10 lam_t 0.99500 lam_s 1.00503 log_ratio -0.0033 accept 0.9968 swapped_frac 0.9954
Time 68 i 11 lam_t 0.99000 lam_s 1.01010 log_ratio -0.0055 accept 0.9946 swapped_frac 0.9946
Time 68 i 11 lam_t 0.99500 lam_s 1.00503 log_ratio -0.0032 accept 0.9968 swapped_frac 0.9979
Time 51 i 12 lam_t 0.99000 lam_s 1.01010 log_ratio -0.0077 accept 0.9924 swapped_frac 0.9925
Time 51 i 12 lam_t 0.99500 lam_s 1.00503 log_ratio -0.0047 accept 0.9954 swapped_frac 0.9950
Time 34 i 13 lam_t 0.99000 lam_s 1.01010 log_ratio -0.0086 accept 0.9916 swapped_frac 0.9921
Time 34 i 13 lam_t 0.99500 lam_s 1.00503 log_ratio -0.0055 accept 0.9946 swapped_frac 0.9963
Time 17 i 14 lam_t 0.99000 lam_s 1.01010 log_ratio -0.0153 accept 0.9854 swapped_frac 0.9892
Time 17 i 14 lam_t 0.99500 lam_s 1.00503 log_ratio -0.0094 accept 0.9910 swapped_frac 0.9879
Best Sample: 0 log probability -2.832
Saved 1 samples to: logs/pointmaze-giant-navigate-v0/inference/plans/release_H400_T256_LimitsNormalizer_b1_condFalse/2026-07-14 22:49:02/15/0.png
Saved 1 samples to: logs/pointmaze-giant-navigate-v0/inference/plans/release_H400_T256_LimitsNormalizer_b1_condFalse/2026-07-14 22:49:02/15/rollout.png
Time 255 i 0 lam_t 0.99000 lam_s 1.01010 log_ratio 0.0000 accept 1.0000 swapped_frac 1.0000
Time 255 i 0 lam_t 0.99500 lam_s 1.00503 log_ratio 0.0000 accept 1.0000 swapped_frac 1.0000
Time 238 i 1 lam_t 0.99000 lam_s 1.01010 log_ratio -0.0001 accept 0.9999 swapped_frac 1.0000
Time 238 i 1 lam_t 0.99500 lam_s 1.00503 log_ratio -0.0000 accept 1.0000 swapped_frac 1.0000
Time 221 i 2 lam_t 0.99000 lam_s 1.01010 log_ratio -0.0004 accept 0.9996 swapped_frac 1.0000
Time 221 i 2 lam_t 0.99500 lam_s 1.00503 log_ratio -0.0001 accept 0.9999 swapped_frac 1.0000
Time 204 i 3 lam_t 0.99000 lam_s 1.01010 log_ratio -0.0008 accept 0.9992 swapped_frac 1.0000
Time 204 i 3 lam_t 0.99500 lam_s 1.00503 log_ratio -0.0003 accept 0.9997 swapped_frac 0.9996
Time 187 i 4 lam_t 0.99000 lam_s 1.01010 log_ratio -0.0010 accept 0.9990 swapped_frac 0.9996
Time 187 i 4 lam_t 0.99500 lam_s 1.00503 log_ratio -0.0006 accept 0.9994 swapped_frac 1.0000
Time 170 i 5 lam_t 0.99000 lam_s 1.01010 log_ratio -0.0018 accept 0.9982 swapped_frac 0.9983
Time 170 i 5 lam_t 0.99500 lam_s 1.00503 log_ratio -0.0008 accept 0.9992 swapped_frac 0.9996
Time 153 i 6 lam_t 0.99000 lam_s 1.01010 log_ratio -0.0019 accept 0.9981 swapped_frac 0.9975
Time 153 i 6 lam_t 0.99500 lam_s 1.00503 log_ratio -0.0012 accept 0.9988 swapped_frac 0.9979
Time 136 i 7 lam_t 0.99000 lam_s 1.01010 log_ratio -0.0035 accept 0.9966 swapped_frac 0.9983
Time 136 i 7 lam_t 0.99500 lam_s 1.00503 log_ratio -0.0015 accept 0.9985 swapped_frac 0.9979
Time 119 i 8 lam_t 0.99000 lam_s 1.01010 log_ratio -0.0034 accept 0.9967 swapped_frac 0.9971
Time 119 i 8 lam_t 0.99500 lam_s 1.00503 log_ratio -0.0019 accept 0.9981 swapped_frac 0.9983
Time 102 i 9 lam_t 0.99000 lam_s 1.01010 log_ratio -0.0045 accept 0.9955 swapped_frac 0.9954
Time 102 i 9 lam_t 0.99500 lam_s 1.00503 log_ratio -0.0023 accept 0.9978 swapped_frac 0.9975
Time 85 i 10 lam_t 0.99000 lam_s 1.01010 log_ratio -0.0048 accept 0.9953 swapped_frac 0.9942
Time 85 i 10 lam_t 0.99500 lam_s 1.00503 log_ratio -0.0031 accept 0.9969 swapped_frac 0.9954
Time 68 i 11 lam_t 0.99000 lam_s 1.01010 log_ratio -0.0059 accept 0.9942 swapped_frac 0.9979
Time 68 i 11 lam_t 0.99500 lam_s 1.00503 log_ratio -0.0035 accept 0.9965 swapped_frac 0.9971
Time 51 i 12 lam_t 0.99000 lam_s 1.01010 log_ratio -0.0063 accept 0.9938 swapped_frac 0.9946
Time 51 i 12 lam_t 0.99500 lam_s 1.00503 log_ratio -0.0050 accept 0.9950 swapped_frac 0.9921
Time 34 i 13 lam_t 0.99000 lam_s 1.01010 log_ratio -0.0083 accept 0.9919 swapped_frac 0.9921
Time 34 i 13 lam_t 0.99500 lam_s 1.00503 log_ratio -0.0059 accept 0.9942 swapped_frac 0.9900
Time 17 i 14 lam_t 0.99000 lam_s 1.01010 log_ratio -0.0117 accept 0.9887 swapped_frac 0.9888
Time 17 i 14 lam_t 0.99500 lam_s 1.00503 log_ratio -0.0115 accept 0.9889 swapped_frac 0.9904
Best Sample: 1 log probability -0.454
Saved 1 samples to: logs/pointmaze-giant-navigate-v0/inference/plans/release_H400_T256_LimitsNormalizer_b1_condFalse/2026-07-14 22:49:02/16/0.png
Saved 1 samples to: logs/pointmaze-giant-navigate-v0/inference/plans/release_H400_T256_LimitsNormalizer_b1_condFalse/2026-07-14 22:49:02/16/rollout.png
Time 255 i 0 lam_t 0.99000 lam_s 1.01010 log_ratio 0.0000 accept 1.0000 swapped_frac 1.0000
Time 255 i 0 lam_t 0.99500 lam_s 1.00503 log_ratio 0.0000 accept 1.0000 swapped_frac 1.0000
Time 238 i 1 lam_t 0.99000 lam_s 1.01010 log_ratio -0.0001 accept 0.9999 swapped_frac 1.0000
Time 238 i 1 lam_t 0.99500 lam_s 1.00503 log_ratio -0.0000 accept 1.0000 swapped_frac 1.0000
Time 221 i 2 lam_t 0.99000 lam_s 1.01010 log_ratio -0.0003 accept 0.9997 swapped_frac 1.0000
Time 221 i 2 lam_t 0.99500 lam_s 1.00503 log_ratio -0.0002 accept 0.9998 swapped_frac 1.0000
Time 204 i 3 lam_t 0.99000 lam_s 1.01010 log_ratio -0.0005 accept 0.9995 swapped_frac 0.9996
Time 204 i 3 lam_t 0.99500 lam_s 1.00503 log_ratio -0.0003 accept 0.9997 swapped_frac 0.9996
Time 187 i 4 lam_t 0.99000 lam_s 1.01010 log_ratio -0.0010 accept 0.9990 swapped_frac 0.9996
Time 187 i 4 lam_t 0.99500 lam_s 1.00503 log_ratio -0.0005 accept 0.9995 swapped_frac 1.0000
Time 170 i 5 lam_t 0.99000 lam_s 1.01010 log_ratio -0.0015 accept 0.9985 swapped_frac 0.9979
Time 170 i 5 lam_t 0.99500 lam_s 1.00503 log_ratio -0.0009 accept 0.9991 swapped_frac 0.9983
Time 153 i 6 lam_t 0.99000 lam_s 1.01010 log_ratio -0.0021 accept 0.9980 swapped_frac 0.9988
Time 153 i 6 lam_t 0.99500 lam_s 1.00503 log_ratio -0.0011 accept 0.9989 swapped_frac 0.9988
Time 136 i 7 lam_t 0.99000 lam_s 1.01010 log_ratio -0.0025 accept 0.9975 swapped_frac 0.9979
Time 136 i 7 lam_t 0.99500 lam_s 1.00503 log_ratio -0.0016 accept 0.9984 swapped_frac 0.9979
Time 119 i 8 lam_t 0.99000 lam_s 1.01010 log_ratio -0.0031 accept 0.9969 swapped_frac 0.9975
Time 119 i 8 lam_t 0.99500 lam_s 1.00503 log_ratio -0.0017 accept 0.9983 swapped_frac 0.9992
Time 102 i 9 lam_t 0.99000 lam_s 1.01010 log_ratio -0.0039 accept 0.9961 swapped_frac 0.9971
Time 102 i 9 lam_t 0.99500 lam_s 1.00503 log_ratio -0.0026 accept 0.9974 swapped_frac 0.9983
Time 85 i 10 lam_t 0.99000 lam_s 1.01010 log_ratio -0.0042 accept 0.9959 swapped_frac 0.9954
Time 85 i 10 lam_t 0.99500 lam_s 1.00503 log_ratio -0.0024 accept 0.9976 swapped_frac 0.9971
Time 68 i 11 lam_t 0.99000 lam_s 1.01010 log_ratio -0.0039 accept 0.9961 swapped_frac 0.9963
Time 68 i 11 lam_t 0.99500 lam_s 1.00503 log_ratio -0.0036 accept 0.9964 swapped_frac 0.9963
Time 51 i 12 lam_t 0.99000 lam_s 1.01010 log_ratio -0.0042 accept 0.9958 swapped_frac 0.9954
Time 51 i 12 lam_t 0.99500 lam_s 1.00503 log_ratio -0.0037 accept 0.9963 swapped_frac 0.9971
Time 34 i 13 lam_t 0.99000 lam_s 1.01010 log_ratio -0.0039 accept 0.9961 swapped_frac 0.9933
Time 34 i 13 lam_t 0.99500 lam_s 1.00503 log_ratio -0.0062 accept 0.9939 swapped_frac 0.9963
Time 17 i 14 lam_t 0.99000 lam_s 1.01010 log_ratio -0.0040 accept 0.9961 swapped_frac 0.9938
Time 17 i 14 lam_t 0.99500 lam_s 1.00503 log_ratio -0.0089 accept 0.9915 swapped_frac 0.9950
Best Sample: 0 log probability -0.032
Saved 1 samples to: logs/pointmaze-giant-navigate-v0/inference/plans/release_H400_T256_LimitsNormalizer_b1_condFalse/2026-07-14 22:49:02/17/0.png
Saved 1 samples to: logs/pointmaze-giant-navigate-v0/inference/plans/release_H400_T256_LimitsNormalizer_b1_condFalse/2026-07-14 22:49:02/17/rollout.png
Time 255 i 0 lam_t 0.99000 lam_s 1.01010 log_ratio 0.0000 accept 1.0000 swapped_frac 1.0000
Time 255 i 0 lam_t 0.99500 lam_s 1.00503 log_ratio 0.0000 accept 1.0000 swapped_frac 1.0000
Time 238 i 1 lam_t 0.99000 lam_s 1.01010 log_ratio -0.0001 accept 0.9999 swapped_frac 1.0000
Time 238 i 1 lam_t 0.99500 lam_s 1.00503 log_ratio -0.0000 accept 1.0000 swapped_frac 1.0000
Time 221 i 2 lam_t 0.99000 lam_s 1.01010 log_ratio -0.0003 accept 0.9997 swapped_frac 0.9996
Time 221 i 2 lam_t 0.99500 lam_s 1.00503 log_ratio -0.0001 accept 0.9999 swapped_frac 1.0000
Time 204 i 3 lam_t 0.99000 lam_s 1.01010 log_ratio -0.0007 accept 0.9993 swapped_frac 1.0000
Time 204 i 3 lam_t 0.99500 lam_s 1.00503 log_ratio -0.0003 accept 0.9997 swapped_frac 0.9996
Time 187 i 4 lam_t 0.99000 lam_s 1.01010 log_ratio -0.0011 accept 0.9989 swapped_frac 0.9988
Time 187 i 4 lam_t 0.99500 lam_s 1.00503 log_ratio -0.0006 accept 0.9994 swapped_frac 0.9996
Time 170 i 5 lam_t 0.99000 lam_s 1.01010 log_ratio -0.0016 accept 0.9984 swapped_frac 0.9996
Time 170 i 5 lam_t 0.99500 lam_s 1.00503 log_ratio -0.0008 accept 0.9992 swapped_frac 0.9992
Time 153 i 6 lam_t 0.99000 lam_s 1.01010 log_ratio -0.0022 accept 0.9978 swapped_frac 0.9979
Time 153 i 6 lam_t 0.99500 lam_s 1.00503 log_ratio -0.0011 accept 0.9989 swapped_frac 0.9988
Time 136 i 7 lam_t 0.99000 lam_s 1.01010 log_ratio -0.0031 accept 0.9969 swapped_frac 0.9975
Time 136 i 7 lam_t 0.99500 lam_s 1.00503 log_ratio -0.0014 accept 0.9986 swapped_frac 0.9979
Time 119 i 8 lam_t 0.99000 lam_s 1.01010 log_ratio -0.0037 accept 0.9963 swapped_frac 0.9958
Time 119 i 8 lam_t 0.99500 lam_s 1.00503 log_ratio -0.0018 accept 0.9982 swapped_frac 1.0000
Time 102 i 9 lam_t 0.99000 lam_s 1.01010 log_ratio -0.0049 accept 0.9951 swapped_frac 0.9975
Time 102 i 9 lam_t 0.99500 lam_s 1.00503 log_ratio -0.0023 accept 0.9978 swapped_frac 0.9983
Time 85 i 10 lam_t 0.99000 lam_s 1.01010 log_ratio -0.0058 accept 0.9943 swapped_frac 0.9950
Time 85 i 10 lam_t 0.99500 lam_s 1.00503 log_ratio -0.0029 accept 0.9971 swapped_frac 0.9958
Time 68 i 11 lam_t 0.99000 lam_s 1.01010 log_ratio -0.0073 accept 0.9929 swapped_frac 0.9933
Time 68 i 11 lam_t 0.99500 lam_s 1.00503 log_ratio -0.0037 accept 0.9964 swapped_frac 0.9963
Time 51 i 12 lam_t 0.99000 lam_s 1.01010 log_ratio -0.0076 accept 0.9926 swapped_frac 0.9954
Time 51 i 12 lam_t 0.99500 lam_s 1.00503 log_ratio -0.0047 accept 0.9954 swapped_frac 0.9946
Time 34 i 13 lam_t 0.99000 lam_s 1.01010 log_ratio -0.0093 accept 0.9910 swapped_frac 0.9879
Time 34 i 13 lam_t 0.99500 lam_s 1.00503 log_ratio -0.0058 accept 0.9943 swapped_frac 0.9958
Time 17 i 14 lam_t 0.99000 lam_s 1.01010 log_ratio -0.0140 accept 0.9869 swapped_frac 0.9879
Time 17 i 14 lam_t 0.99500 lam_s 1.00503 log_ratio -0.0103 accept 0.9901 swapped_frac 0.9900
Best Sample: 2 log probability -2.278
Saved 1 samples to: logs/pointmaze-giant-navigate-v0/inference/plans/release_H400_T256_LimitsNormalizer_b1_condFalse/2026-07-14 22:49:02/18/0.png
Saved 1 samples to: logs/pointmaze-giant-navigate-v0/inference/plans/release_H400_T256_LimitsNormalizer_b1_condFalse/2026-07-14 22:49:02/18/rollout.png
Time 255 i 0 lam_t 0.99000 lam_s 1.01010 log_ratio 0.0000 accept 1.0000 swapped_frac 1.0000
Time 255 i 0 lam_t 0.99500 lam_s 1.00503 log_ratio 0.0000 accept 1.0000 swapped_frac 1.0000
Time 238 i 1 lam_t 0.99000 lam_s 1.01010 log_ratio -0.0001 accept 0.9999 swapped_frac 1.0000
Time 238 i 1 lam_t 0.99500 lam_s 1.00503 log_ratio -0.0000 accept 1.0000 swapped_frac 1.0000
Time 221 i 2 lam_t 0.99000 lam_s 1.01010 log_ratio -0.0003 accept 0.9997 swapped_frac 0.9992
Time 221 i 2 lam_t 0.99500 lam_s 1.00503 log_ratio -0.0001 accept 0.9999 swapped_frac 1.0000
Time 204 i 3 lam_t 0.99000 lam_s 1.01010 log_ratio -0.0006 accept 0.9994 swapped_frac 1.0000
Time 204 i 3 lam_t 0.99500 lam_s 1.00503 log_ratio -0.0003 accept 0.9997 swapped_frac 1.0000
Time 187 i 4 lam_t 0.99000 lam_s 1.01010 log_ratio -0.0010 accept 0.9990 swapped_frac 0.9992
Time 187 i 4 lam_t 0.99500 lam_s 1.00503 log_ratio -0.0005 accept 0.9995 swapped_frac 0.9996
Time 170 i 5 lam_t 0.99000 lam_s 1.01010 log_ratio -0.0016 accept 0.9984 swapped_frac 0.9988
Time 170 i 5 lam_t 0.99500 lam_s 1.00503 log_ratio -0.0008 accept 0.9992 swapped_frac 0.9983
Time 153 i 6 lam_t 0.99000 lam_s 1.01010 log_ratio -0.0020 accept 0.9980 swapped_frac 0.9992
Time 153 i 6 lam_t 0.99500 lam_s 1.00503 log_ratio -0.0010 accept 0.9990 swapped_frac 0.9975
Time 136 i 7 lam_t 0.99000 lam_s 1.01010 log_ratio -0.0029 accept 0.9971 swapped_frac 0.9958
Time 136 i 7 lam_t 0.99500 lam_s 1.00503 log_ratio -0.0016 accept 0.9985 swapped_frac 0.9979
Time 119 i 8 lam_t 0.99000 lam_s 1.01010 log_ratio -0.0034 accept 0.9966 swapped_frac 0.9975
Time 119 i 8 lam_t 0.99500 lam_s 1.00503 log_ratio -0.0018 accept 0.9982 swapped_frac 0.9983
Time 102 i 9 lam_t 0.99000 lam_s 1.01010 log_ratio -0.0050 accept 0.9950 swapped_frac 0.9933
Time 102 i 9 lam_t 0.99500 lam_s 1.00503 log_ratio -0.0022 accept 0.9978 swapped_frac 0.9988
Time 85 i 10 lam_t 0.99000 lam_s 1.01010 log_ratio -0.0052 accept 0.9948 swapped_frac 0.9954
Time 85 i 10 lam_t 0.99500 lam_s 1.00503 log_ratio -0.0026 accept 0.9974 swapped_frac 0.9992
Time 68 i 11 lam_t 0.99000 lam_s 1.01010 log_ratio -0.0065 accept 0.9936 swapped_frac 0.9925
Time 68 i 11 lam_t 0.99500 lam_s 1.00503 log_ratio -0.0036 accept 0.9965 swapped_frac 0.9967
Time 51 i 12 lam_t 0.99000 lam_s 1.01010 log_ratio -0.0073 accept 0.9929 swapped_frac 0.9900
Time 51 i 12 lam_t 0.99500 lam_s 1.00503 log_ratio -0.0035 accept 0.9965 swapped_frac 0.9979
Time 34 i 13 lam_t 0.99000 lam_s 1.01010 log_ratio -0.0159 accept 0.9854 swapped_frac 0.9858
Time 34 i 13 lam_t 0.99500 lam_s 1.00503 log_ratio -0.0057 accept 0.9944 swapped_frac 0.9954
Time 17 i 14 lam_t 0.99000 lam_s 1.01010 log_ratio -0.0172 accept 0.9840 swapped_frac 0.9875
Time 17 i 14 lam_t 0.99500 lam_s 1.00503 log_ratio -0.0084 accept 0.9921 swapped_frac 0.9938
Best Sample: 3 log probability -13.783
Saved 1 samples to: logs/pointmaze-giant-navigate-v0/inference/plans/release_H400_T256_LimitsNormalizer_b1_condFalse/2026-07-14 22:49:02/19/0.png
Saved 1 samples to: logs/pointmaze-giant-navigate-v0/inference/plans/release_H400_T256_LimitsNormalizer_b1_condFalse/2026-07-14 22:49:02/19/rollout.png
Time 255 i 0 lam_t 0.99000 lam_s 1.01010 log_ratio 0.0000 accept 1.0000 swapped_frac 1.0000
Time 255 i 0 lam_t 0.99500 lam_s 1.00503 log_ratio 0.0000 accept 1.0000 swapped_frac 1.0000
Time 238 i 1 lam_t 0.99000 lam_s 1.01010 log_ratio -0.0001 accept 0.9999 swapped_frac 0.9996
Time 238 i 1 lam_t 0.99500 lam_s 1.00503 log_ratio -0.0000 accept 1.0000 swapped_frac 1.0000
Time 221 i 2 lam_t 0.99000 lam_s 1.01010 log_ratio -0.0003 accept 0.9997 swapped_frac 1.0000
Time 221 i 2 lam_t 0.99500 lam_s 1.00503 log_ratio -0.0001 accept 0.9999 swapped_frac 1.0000
Time 204 i 3 lam_t 0.99000 lam_s 1.01010 log_ratio -0.0006 accept 0.9994 swapped_frac 0.9992
Time 204 i 3 lam_t 0.99500 lam_s 1.00503 log_ratio -0.0003 accept 0.9997 swapped_frac 0.9996
Time 187 i 4 lam_t 0.99000 lam_s 1.01010 log_ratio -0.0010 accept 0.9990 swapped_frac 0.9992
Time 187 i 4 lam_t 0.99500 lam_s 1.00503 log_ratio -0.0005 accept 0.9995 swapped_frac 0.9992
Time 170 i 5 lam_t 0.99000 lam_s 1.01010 log_ratio -0.0016 accept 0.9984 swapped_frac 0.9983
Time 170 i 5 lam_t 0.99500 lam_s 1.00503 log_ratio -0.0007 accept 0.9993 swapped_frac 0.9996
Time 153 i 6 lam_t 0.99000 lam_s 1.01010 log_ratio -0.0021 accept 0.9979 swapped_frac 0.9983
Time 153 i 6 lam_t 0.99500 lam_s 1.00503 log_ratio -0.0011 accept 0.9989 swapped_frac 0.9988
Time 136 i 7 lam_t 0.99000 lam_s 1.01010 log_ratio -0.0026 accept 0.9974 swapped_frac 0.9979
Time 136 i 7 lam_t 0.99500 lam_s 1.00503 log_ratio -0.0014 accept 0.9986 swapped_frac 0.9979
Time 119 i 8 lam_t 0.99000 lam_s 1.01010 log_ratio -0.0034 accept 0.9966 swapped_frac 0.9963
Time 119 i 8 lam_t 0.99500 lam_s 1.00503 log_ratio -0.0016 accept 0.9984 swapped_frac 0.9992
Time 102 i 9 lam_t 0.99000 lam_s 1.01010 log_ratio -0.0041 accept 0.9959 swapped_frac 0.9963
Time 102 i 9 lam_t 0.99500 lam_s 1.00503 log_ratio -0.0020 accept 0.9981 swapped_frac 0.9983
Time 85 i 10 lam_t 0.99000 lam_s 1.01010 log_ratio -0.0049 accept 0.9952 swapped_frac 0.9975
Time 85 i 10 lam_t 0.99500 lam_s 1.00503 log_ratio -0.0025 accept 0.9975 swapped_frac 0.9975
Time 68 i 11 lam_t 0.99000 lam_s 1.01010 log_ratio -0.0062 accept 0.9940 swapped_frac 0.9942
Time 68 i 11 lam_t 0.99500 lam_s 1.00503 log_ratio -0.0026 accept 0.9974 swapped_frac 0.9983
Time 51 i 12 lam_t 0.99000 lam_s 1.01010 log_ratio -0.0072 accept 0.9930 swapped_frac 0.9933
Time 51 i 12 lam_t 0.99500 lam_s 1.00503 log_ratio -0.0036 accept 0.9965 swapped_frac 0.9963
Time 34 i 13 lam_t 0.99000 lam_s 1.01010 log_ratio -0.0099 accept 0.9904 swapped_frac 0.9925
Time 34 i 13 lam_t 0.99500 lam_s 1.00503 log_ratio -0.0036 accept 0.9965 swapped_frac 0.9963
Time 17 i 14 lam_t 0.99000 lam_s 1.01010 log_ratio -0.0672 accept 0.9437 swapped_frac 0.9504
Time 17 i 14 lam_t 0.99500 lam_s 1.00503 log_ratio -0.0062 accept 0.9940 swapped_frac 0.9913
Best Sample: 3 log probability -0.087
Saved 1 samples to: logs/pointmaze-giant-navigate-v0/inference/plans/release_H400_T256_LimitsNormalizer_b1_condFalse/2026-07-14 22:49:02/20/0.png
Saved 1 samples to: logs/pointmaze-giant-navigate-v0/inference/plans/release_H400_T256_LimitsNormalizer_b1_condFalse/2026-07-14 22:49:02/20/rollout.png
Time 255 i 0 lam_t 0.99000 lam_s 1.01010 log_ratio 0.0000 accept 1.0000 swapped_frac 1.0000
Time 255 i 0 lam_t 0.99500 lam_s 1.00503 log_ratio 0.0000 accept 1.0000 swapped_frac 1.0000
Time 238 i 1 lam_t 0.99000 lam_s 1.01010 log_ratio -0.0001 accept 0.9999 swapped_frac 1.0000
Time 238 i 1 lam_t 0.99500 lam_s 1.00503 log_ratio -0.0000 accept 1.0000 swapped_frac 1.0000
Time 221 i 2 lam_t 0.99000 lam_s 1.01010 log_ratio -0.0003 accept 0.9997 swapped_frac 1.0000
Time 221 i 2 lam_t 0.99500 lam_s 1.00503 log_ratio -0.0001 accept 0.9999 swapped_frac 0.9996
Time 204 i 3 lam_t 0.99000 lam_s 1.01010 log_ratio -0.0006 accept 0.9994 swapped_frac 0.9996
Time 204 i 3 lam_t 0.99500 lam_s 1.00503 log_ratio -0.0003 accept 0.9997 swapped_frac 0.9992
Time 187 i 4 lam_t 0.99000 lam_s 1.01010 log_ratio -0.0011 accept 0.9990 swapped_frac 0.9996
Time 187 i 4 lam_t 0.99500 lam_s 1.00503 log_ratio -0.0005 accept 0.9995 swapped_frac 0.9992
Time 170 i 5 lam_t 0.99000 lam_s 1.01010 log_ratio -0.0014 accept 0.9986 swapped_frac 0.9971
Time 170 i 5 lam_t 0.99500 lam_s 1.00503 log_ratio -0.0008 accept 0.9992 swapped_frac 0.9996
Time 153 i 6 lam_t 0.99000 lam_s 1.01010 log_ratio -0.0022 accept 0.9978 swapped_frac 0.9979
Time 153 i 6 lam_t 0.99500 lam_s 1.00503 log_ratio -0.0011 accept 0.9990 swapped_frac 0.9988
Time 136 i 7 lam_t 0.99000 lam_s 1.01010 log_ratio -0.0027 accept 0.9973 swapped_frac 0.9975
Time 136 i 7 lam_t 0.99500 lam_s 1.00503 log_ratio -0.0013 accept 0.9987 swapped_frac 0.9983
Time 119 i 8 lam_t 0.99000 lam_s 1.01010 log_ratio -0.0035 accept 0.9966 swapped_frac 0.9971
Time 119 i 8 lam_t 0.99500 lam_s 1.00503 log_ratio -0.0017 accept 0.9983 swapped_frac 0.9988
Time 102 i 9 lam_t 0.99000 lam_s 1.01010 log_ratio -0.0041 accept 0.9960 swapped_frac 0.9979
Time 102 i 9 lam_t 0.99500 lam_s 1.00503 log_ratio -0.0018 accept 0.9982 swapped_frac 0.9983
Time 85 i 10 lam_t 0.99000 lam_s 1.01010 log_ratio -0.0046 accept 0.9954 swapped_frac 0.9946
Time 85 i 10 lam_t 0.99500 lam_s 1.00503 log_ratio -0.0026 accept 0.9974 swapped_frac 0.9983
Time 68 i 11 lam_t 0.99000 lam_s 1.01010 log_ratio -0.0051 accept 0.9949 swapped_frac 0.9946
Time 68 i 11 lam_t 0.99500 lam_s 1.00503 log_ratio -0.0024 accept 0.9976 swapped_frac 0.9975
Time 51 i 12 lam_t 0.99000 lam_s 1.01010 log_ratio -0.0062 accept 0.9939 swapped_frac 0.9942
Time 51 i 12 lam_t 0.99500 lam_s 1.00503 log_ratio -0.0035 accept 0.9966 swapped_frac 0.9950
Time 34 i 13 lam_t 0.99000 lam_s 1.01010 log_ratio -0.0072 accept 0.9931 swapped_frac 0.9908
Time 34 i 13 lam_t 0.99500 lam_s 1.00503 log_ratio -0.0031 accept 0.9970 swapped_frac 0.9971
Time 17 i 14 lam_t 0.99000 lam_s 1.01010 log_ratio -0.0131 accept 0.9878 swapped_frac 0.9867
Time 17 i 14 lam_t 0.99500 lam_s 1.00503 log_ratio -0.0057 accept 0.9944 swapped_frac 0.9938
Best Sample: 2 log probability -7.495
Saved 1 samples to: logs/pointmaze-giant-navigate-v0/inference/plans/release_H400_T256_LimitsNormalizer_b1_condFalse/2026-07-14 22:49:02/21/0.png
Saved 1 samples to: logs/pointmaze-giant-navigate-v0/inference/plans/release_H400_T256_LimitsNormalizer_b1_condFalse/2026-07-14 22:49:02/21/rollout.png
Time 255 i 0 lam_t 0.99000 lam_s 1.01010 log_ratio 0.0000 accept 1.0000 swapped_frac 1.0000
Time 255 i 0 lam_t 0.99500 lam_s 1.00503 log_ratio 0.0000 accept 1.0000 swapped_frac 1.0000
Time 238 i 1 lam_t 0.99000 lam_s 1.01010 log_ratio -0.0001 accept 0.9999 swapped_frac 1.0000
Time 238 i 1 lam_t 0.99500 lam_s 1.00503 log_ratio -0.0000 accept 1.0000 swapped_frac 0.9996
Time 221 i 2 lam_t 0.99000 lam_s 1.01010 log_ratio -0.0003 accept 0.9997 swapped_frac 0.9996
Time 221 i 2 lam_t 0.99500 lam_s 1.00503 log_ratio -0.0001 accept 0.9999 swapped_frac 1.0000
Time 204 i 3 lam_t 0.99000 lam_s 1.01010 log_ratio -0.0006 accept 0.9994 swapped_frac 1.0000
Time 204 i 3 lam_t 0.99500 lam_s 1.00503 log_ratio -0.0003 accept 0.9997 swapped_frac 1.0000
Time 187 i 4 lam_t 0.99000 lam_s 1.01010 log_ratio -0.0010 accept 0.9990 swapped_frac 0.9996
Time 187 i 4 lam_t 0.99500 lam_s 1.00503 log_ratio -0.0005 accept 0.9995 swapped_frac 0.9996
Time 170 i 5 lam_t 0.99000 lam_s 1.01010 log_ratio -0.0016 accept 0.9984 swapped_frac 0.9971
Time 170 i 5 lam_t 0.99500 lam_s 1.00503 log_ratio -0.0008 accept 0.9992 swapped_frac 0.9992
Time 153 i 6 lam_t 0.99000 lam_s 1.01010 log_ratio -0.0022 accept 0.9978 swapped_frac 0.9971
Time 153 i 6 lam_t 0.99500 lam_s 1.00503 log_ratio -0.0009 accept 0.9991 swapped_frac 0.9983
Time 136 i 7 lam_t 0.99000 lam_s 1.01010 log_ratio -0.0028 accept 0.9972 swapped_frac 0.9975
Time 136 i 7 lam_t 0.99500 lam_s 1.00503 log_ratio -0.0015 accept 0.9985 swapped_frac 0.9992
Time 119 i 8 lam_t 0.99000 lam_s 1.01010 log_ratio -0.0041 accept 0.9960 swapped_frac 0.9958
Time 119 i 8 lam_t 0.99500 lam_s 1.00503 log_ratio -0.0016 accept 0.9984 swapped_frac 0.9983
Time 102 i 9 lam_t 0.99000 lam_s 1.01010 log_ratio -0.0048 accept 0.9952 swapped_frac 0.9954
Time 102 i 9 lam_t 0.99500 lam_s 1.00503 log_ratio -0.0021 accept 0.9979 swapped_frac 0.9979
Time 85 i 10 lam_t 0.99000 lam_s 1.01010 log_ratio -0.0059 accept 0.9942 swapped_frac 0.9933
Time 85 i 10 lam_t 0.99500 lam_s 1.00503 log_ratio -0.0023 accept 0.9977 swapped_frac 0.9975
Time 68 i 11 lam_t 0.99000 lam_s 1.01010 log_ratio -0.0084 accept 0.9918 swapped_frac 0.9888
Time 68 i 11 lam_t 0.99500 lam_s 1.00503 log_ratio -0.0037 accept 0.9963 swapped_frac 0.9971
Time 51 i 12 lam_t 0.99000 lam_s 1.01010 log_ratio -0.0096 accept 0.9906 swapped_frac 0.9929
Time 51 i 12 lam_t 0.99500 lam_s 1.00503 log_ratio -0.0032 accept 0.9968 swapped_frac 0.9954
Time 34 i 13 lam_t 0.99000 lam_s 1.01010 log_ratio -0.0134 accept 0.9871 swapped_frac 0.9854
Time 34 i 13 lam_t 0.99500 lam_s 1.00503 log_ratio -0.0048 accept 0.9953 swapped_frac 0.9946
Time 17 i 14 lam_t 0.99000 lam_s 1.01010 log_ratio -0.0236 accept 0.9781 swapped_frac 0.9804
Time 17 i 14 lam_t 0.99500 lam_s 1.00503 log_ratio -0.0073 accept 0.9931 swapped_frac 0.9921
Best Sample: 1 log probability -21.871
Saved 1 samples to: logs/pointmaze-giant-navigate-v0/inference/plans/release_H400_T256_LimitsNormalizer_b1_condFalse/2026-07-14 22:49:02/22/0.png
Saved 1 samples to: logs/pointmaze-giant-navigate-v0/inference/plans/release_H400_T256_LimitsNormalizer_b1_condFalse/2026-07-14 22:49:02/22/rollout.png
Time 255 i 0 lam_t 0.99000 lam_s 1.01010 log_ratio 0.0000 accept 1.0000 swapped_frac 1.0000
Time 255 i 0 lam_t 0.99500 lam_s 1.00503 log_ratio 0.0000 accept 1.0000 swapped_frac 1.0000
Time 238 i 1 lam_t 0.99000 lam_s 1.01010 log_ratio -0.0001 accept 0.9999 swapped_frac 1.0000
Time 238 i 1 lam_t 0.99500 lam_s 1.00503 log_ratio -0.0000 accept 1.0000 swapped_frac 1.0000
Time 221 i 2 lam_t 0.99000 lam_s 1.01010 log_ratio -0.0003 accept 0.9997 swapped_frac 1.0000
Time 221 i 2 lam_t 0.99500 lam_s 1.00503 log_ratio -0.0002 accept 0.9998 swapped_frac 1.0000
Time 204 i 3 lam_t 0.99000 lam_s 1.01010 log_ratio -0.0006 accept 0.9994 swapped_frac 0.9992
Time 204 i 3 lam_t 0.99500 lam_s 1.00503 log_ratio -0.0003 accept 0.9997 swapped_frac 1.0000
Time 187 i 4 lam_t 0.99000 lam_s 1.01010 log_ratio -0.0010 accept 0.9990 swapped_frac 1.0000
Time 187 i 4 lam_t 0.99500 lam_s 1.00503 log_ratio -0.0006 accept 0.9994 swapped_frac 0.9988
Time 170 i 5 lam_t 0.99000 lam_s 1.01010 log_ratio -0.0016 accept 0.9984 swapped_frac 0.9992
Time 170 i 5 lam_t 0.99500 lam_s 1.00503 log_ratio -0.0009 accept 0.9991 swapped_frac 0.9996
Time 153 i 6 lam_t 0.99000 lam_s 1.01010 log_ratio -0.0022 accept 0.9978 swapped_frac 0.9967
Time 153 i 6 lam_t 0.99500 lam_s 1.00503 log_ratio -0.0016 accept 0.9984 swapped_frac 0.9983
Time 136 i 7 lam_t 0.99000 lam_s 1.01010 log_ratio -0.0025 accept 0.9975 swapped_frac 0.9979
Time 136 i 7 lam_t 0.99500 lam_s 1.00503 log_ratio -0.0015 accept 0.9985 swapped_frac 0.9983
Time 119 i 8 lam_t 0.99000 lam_s 1.01010 log_ratio -0.0034 accept 0.9966 swapped_frac 0.9983
Time 119 i 8 lam_t 0.99500 lam_s 1.00503 log_ratio -0.0027 accept 0.9973 swapped_frac 0.9983
Time 102 i 9 lam_t 0.99000 lam_s 1.01010 log_ratio -0.0039 accept 0.9962 swapped_frac 0.9967
Time 102 i 9 lam_t 0.99500 lam_s 1.00503 log_ratio -0.0024 accept 0.9977 swapped_frac 0.9975
Time 85 i 10 lam_t 0.99000 lam_s 1.01010 log_ratio -0.0048 accept 0.9952 swapped_frac 0.9983
Time 85 i 10 lam_t 0.99500 lam_s 1.00503 log_ratio -0.0043 accept 0.9958 swapped_frac 0.9958
Time 68 i 11 lam_t 0.99000 lam_s 1.01010 log_ratio -0.0050 accept 0.9951 swapped_frac 0.9950
Time 68 i 11 lam_t 0.99500 lam_s 1.00503 log_ratio -0.0038 accept 0.9963 swapped_frac 0.9958
Time 51 i 12 lam_t 0.99000 lam_s 1.01010 log_ratio -0.0076 accept 0.9926 swapped_frac 0.9929
Time 51 i 12 lam_t 0.99500 lam_s 1.00503 log_ratio -0.0061 accept 0.9940 swapped_frac 0.9971
Time 34 i 13 lam_t 0.99000 lam_s 1.01010 log_ratio -0.0093 accept 0.9911 swapped_frac 0.9888
Time 34 i 13 lam_t 0.99500 lam_s 1.00503 log_ratio -0.0063 accept 0.9939 swapped_frac 0.9938
Time 17 i 14 lam_t 0.99000 lam_s 1.01010 log_ratio -0.0144 accept 0.9870 swapped_frac 0.9896
Time 17 i 14 lam_t 0.99500 lam_s 1.00503 log_ratio -0.0112 accept 0.9892 swapped_frac 0.9892
Best Sample: 2 log probability -22.587
Saved 1 samples to: logs/pointmaze-giant-navigate-v0/inference/plans/release_H400_T256_LimitsNormalizer_b1_condFalse/2026-07-14 22:49:02/23/0.png
Saved 1 samples to: logs/pointmaze-giant-navigate-v0/inference/plans/release_H400_T256_LimitsNormalizer_b1_condFalse/2026-07-14 22:49:02/23/rollout.png
Time 255 i 0 lam_t 0.99000 lam_s 1.01010 log_ratio 0.0000 accept 1.0000 swapped_frac 1.0000
Time 255 i 0 lam_t 0.99500 lam_s 1.00503 log_ratio 0.0000 accept 1.0000 swapped_frac 1.0000
Time 238 i 1 lam_t 0.99000 lam_s 1.01010 log_ratio -0.0001 accept 0.9999 swapped_frac 0.9996
Time 238 i 1 lam_t 0.99500 lam_s 1.00503 log_ratio -0.0000 accept 1.0000 swapped_frac 1.0000
Time 221 i 2 lam_t 0.99000 lam_s 1.01010 log_ratio -0.0003 accept 0.9997 swapped_frac 0.9996
Time 221 i 2 lam_t 0.99500 lam_s 1.00503 log_ratio -0.0001 accept 0.9999 swapped_frac 1.0000
Time 204 i 3 lam_t 0.99000 lam_s 1.01010 log_ratio -0.0006 accept 0.9994 swapped_frac 0.9971
Time 204 i 3 lam_t 0.99500 lam_s 1.00503 log_ratio -0.0003 accept 0.9997 swapped_frac 1.0000
Time 187 i 4 lam_t 0.99000 lam_s 1.01010 log_ratio -0.0010 accept 0.9990 swapped_frac 0.9992
Time 187 i 4 lam_t 0.99500 lam_s 1.00503 log_ratio -0.0005 accept 0.9995 swapped_frac 0.9996
Time 170 i 5 lam_t 0.99000 lam_s 1.01010 log_ratio -0.0014 accept 0.9986 swapped_frac 0.9983
Time 170 i 5 lam_t 0.99500 lam_s 1.00503 log_ratio -0.0007 accept 0.9993 swapped_frac 0.9992
Time 153 i 6 lam_t 0.99000 lam_s 1.01010 log_ratio -0.0021 accept 0.9979 swapped_frac 0.9983
Time 153 i 6 lam_t 0.99500 lam_s 1.00503 log_ratio -0.0011 accept 0.9989 swapped_frac 0.9992
Time 136 i 7 lam_t 0.99000 lam_s 1.01010 log_ratio -0.0027 accept 0.9973 swapped_frac 0.9971
Time 136 i 7 lam_t 0.99500 lam_s 1.00503 log_ratio -0.0015 accept 0.9986 swapped_frac 0.9983
Time 119 i 8 lam_t 0.99000 lam_s 1.01010 log_ratio -0.0038 accept 0.9962 swapped_frac 0.9979
Time 119 i 8 lam_t 0.99500 lam_s 1.00503 log_ratio -0.0018 accept 0.9982 swapped_frac 0.9963
Time 102 i 9 lam_t 0.99000 lam_s 1.01010 log_ratio -0.0038 accept 0.9962 swapped_frac 0.9963
Time 102 i 9 lam_t 0.99500 lam_s 1.00503 log_ratio -0.0022 accept 0.9978 swapped_frac 0.9979
Time 85 i 10 lam_t 0.99000 lam_s 1.01010 log_ratio -0.0052 accept 0.9949 swapped_frac 0.9963
Time 85 i 10 lam_t 0.99500 lam_s 1.00503 log_ratio -0.0026 accept 0.9974 swapped_frac 0.9983
Time 68 i 11 lam_t 0.99000 lam_s 1.01010 log_ratio -0.0059 accept 0.9942 swapped_frac 0.9938
Time 68 i 11 lam_t 0.99500 lam_s 1.00503 log_ratio -0.0028 accept 0.9972 swapped_frac 0.9946
Time 51 i 12 lam_t 0.99000 lam_s 1.01010 log_ratio -0.0076 accept 0.9925 swapped_frac 0.9954
Time 51 i 12 lam_t 0.99500 lam_s 1.00503 log_ratio -0.0053 accept 0.9948 swapped_frac 0.9967
Time 34 i 13 lam_t 0.99000 lam_s 1.01010 log_ratio -0.0094 accept 0.9909 swapped_frac 0.9892
Time 34 i 13 lam_t 0.99500 lam_s 1.00503 log_ratio -0.0056 accept 0.9946 swapped_frac 0.9946
Time 17 i 14 lam_t 0.99000 lam_s 1.01010 log_ratio -0.0158 accept 0.9850 swapped_frac 0.9871
Time 17 i 14 lam_t 0.99500 lam_s 1.00503 log_ratio -0.0118 accept 0.9891 swapped_frac 0.9883
Best Sample: 0 log probability -0.730
Saved 1 samples to: logs/pointmaze-giant-navigate-v0/inference/plans/release_H400_T256_LimitsNormalizer_b1_condFalse/2026-07-14 22:49:02/24/0.png
Saved 1 samples to: logs/pointmaze-giant-navigate-v0/inference/plans/release_H400_T256_LimitsNormalizer_b1_condFalse/2026-07-14 22:49:02/24/rollout.png
Time 255 i 0 lam_t 0.99000 lam_s 1.01010 log_ratio 0.0000 accept 1.0000 swapped_frac 1.0000
Time 255 i 0 lam_t 0.99500 lam_s 1.00503 log_ratio 0.0000 accept 1.0000 swapped_frac 1.0000
Time 238 i 1 lam_t 0.99000 lam_s 1.01010 log_ratio -0.0001 accept 0.9999 swapped_frac 1.0000
Time 238 i 1 lam_t 0.99500 lam_s 1.00503 log_ratio -0.0000 accept 1.0000 swapped_frac 1.0000
Time 221 i 2 lam_t 0.99000 lam_s 1.01010 log_ratio -0.0003 accept 0.9997 swapped_frac 1.0000
Time 221 i 2 lam_t 0.99500 lam_s 1.00503 log_ratio -0.0001 accept 0.9999 swapped_frac 1.0000
Time 204 i 3 lam_t 0.99000 lam_s 1.01010 log_ratio -0.0006 accept 0.9994 swapped_frac 1.0000
Time 204 i 3 lam_t 0.99500 lam_s 1.00503 log_ratio -0.0003 accept 0.9997 swapped_frac 1.0000
Time 187 i 4 lam_t 0.99000 lam_s 1.01010 log_ratio -0.0010 accept 0.9990 swapped_frac 0.9988
Time 187 i 4 lam_t 0.99500 lam_s 1.00503 log_ratio -0.0005 accept 0.9995 swapped_frac 0.9992
Time 170 i 5 lam_t 0.99000 lam_s 1.01010 log_ratio -0.0015 accept 0.9985 swapped_frac 0.9988
Time 170 i 5 lam_t 0.99500 lam_s 1.00503 log_ratio -0.0007 accept 0.9993 swapped_frac 0.9983
Time 153 i 6 lam_t 0.99000 lam_s 1.01010 log_ratio -0.0020 accept 0.9980 swapped_frac 0.9971
Time 153 i 6 lam_t 0.99500 lam_s 1.00503 log_ratio -0.0010 accept 0.9990 swapped_frac 0.9988
Time 136 i 7 lam_t 0.99000 lam_s 1.01010 log_ratio -0.0028 accept 0.9973 swapped_frac 0.9971
Time 136 i 7 lam_t 0.99500 lam_s 1.00503 log_ratio -0.0014 accept 0.9987 swapped_frac 0.9979
Time 119 i 8 lam_t 0.99000 lam_s 1.01010 log_ratio -0.0031 accept 0.9969 swapped_frac 0.9971
Time 119 i 8 lam_t 0.99500 lam_s 1.00503 log_ratio -0.0016 accept 0.9984 swapped_frac 0.9988
Time 102 i 9 lam_t 0.99000 lam_s 1.01010 log_ratio -0.0038 accept 0.9962 swapped_frac 0.9983
Time 102 i 9 lam_t 0.99500 lam_s 1.00503 log_ratio -0.0019 accept 0.9981 swapped_frac 0.9996
Time 85 i 10 lam_t 0.99000 lam_s 1.01010 log_ratio -0.0041 accept 0.9960 swapped_frac 0.9971
Time 85 i 10 lam_t 0.99500 lam_s 1.00503 log_ratio -0.0018 accept 0.9982 swapped_frac 0.9975
Time 68 i 11 lam_t 0.99000 lam_s 1.01010 log_ratio -0.0051 accept 0.9949 swapped_frac 0.9967
Time 68 i 11 lam_t 0.99500 lam_s 1.00503 log_ratio -0.0021 accept 0.9979 swapped_frac 0.9983
Time 51 i 12 lam_t 0.99000 lam_s 1.01010 log_ratio -0.0047 accept 0.9954 swapped_frac 0.9942
Time 51 i 12 lam_t 0.99500 lam_s 1.00503 log_ratio -0.0021 accept 0.9979 swapped_frac 0.9996
Time 34 i 13 lam_t 0.99000 lam_s 1.01010 log_ratio -0.0047 accept 0.9954 swapped_frac 0.9975
Time 34 i 13 lam_t 0.99500 lam_s 1.00503 log_ratio -0.0023 accept 0.9978 swapped_frac 0.9988
Time 17 i 14 lam_t 0.99000 lam_s 1.01010 log_ratio -0.0052 accept 0.9949 swapped_frac 0.9963
Time 17 i 14 lam_t 0.99500 lam_s 1.00503 log_ratio -0.0022 accept 0.9978 swapped_frac 0.9988
Best Sample: 1 log probability -0.229
Saved 1 samples to: logs/pointmaze-giant-navigate-v0/inference/plans/release_H400_T256_LimitsNormalizer_b1_condFalse/2026-07-14 22:49:02/25/0.png
Saved 1 samples to: logs/pointmaze-giant-navigate-v0/inference/plans/release_H400_T256_LimitsNormalizer_b1_condFalse/2026-07-14 22:49:02/25/rollout.png
Time 255 i 0 lam_t 0.99000 lam_s 1.01010 log_ratio 0.0000 accept 1.0000 swapped_frac 1.0000
Time 255 i 0 lam_t 0.99500 lam_s 1.00503 log_ratio 0.0000 accept 1.0000 swapped_frac 1.0000
Time 238 i 1 lam_t 0.99000 lam_s 1.01010 log_ratio -0.0001 accept 0.9999 swapped_frac 1.0000
Time 238 i 1 lam_t 0.99500 lam_s 1.00503 log_ratio -0.0000 accept 1.0000 swapped_frac 1.0000
Time 221 i 2 lam_t 0.99000 lam_s 1.01010 log_ratio -0.0003 accept 0.9997 swapped_frac 1.0000
Time 221 i 2 lam_t 0.99500 lam_s 1.00503 log_ratio -0.0001 accept 0.9999 swapped_frac 1.0000
Time 204 i 3 lam_t 0.99000 lam_s 1.01010 log_ratio -0.0006 accept 0.9994 swapped_frac 1.0000
Time 204 i 3 lam_t 0.99500 lam_s 1.00503 log_ratio -0.0003 accept 0.9997 swapped_frac 0.9996
Time 187 i 4 lam_t 0.99000 lam_s 1.01010 log_ratio -0.0011 accept 0.9989 swapped_frac 0.9996
Time 187 i 4 lam_t 0.99500 lam_s 1.00503 log_ratio -0.0005 accept 0.9995 swapped_frac 0.9996
Time 170 i 5 lam_t 0.99000 lam_s 1.01010 log_ratio -0.0016 accept 0.9984 swapped_frac 0.9979
Time 170 i 5 lam_t 0.99500 lam_s 1.00503 log_ratio -0.0008 accept 0.9992 swapped_frac 0.9992
Time 153 i 6 lam_t 0.99000 lam_s 1.01010 log_ratio -0.0025 accept 0.9975 swapped_frac 0.9975
Time 153 i 6 lam_t 0.99500 lam_s 1.00503 log_ratio -0.0012 accept 0.9988 swapped_frac 0.9988
Time 136 i 7 lam_t 0.99000 lam_s 1.01010 log_ratio -0.0025 accept 0.9975 swapped_frac 0.9963
Time 136 i 7 lam_t 0.99500 lam_s 1.00503 log_ratio -0.0016 accept 0.9984 swapped_frac 0.9983
Time 119 i 8 lam_t 0.99000 lam_s 1.01010 log_ratio -0.0036 accept 0.9964 swapped_frac 0.9967
Time 119 i 8 lam_t 0.99500 lam_s 1.00503 log_ratio -0.0019 accept 0.9981 swapped_frac 0.9979
Time 102 i 9 lam_t 0.99000 lam_s 1.01010 log_ratio -0.0041 accept 0.9960 swapped_frac 0.9971
Time 102 i 9 lam_t 0.99500 lam_s 1.00503 log_ratio -0.0023 accept 0.9977 swapped_frac 0.9979
Time 85 i 10 lam_t 0.99000 lam_s 1.01010 log_ratio -0.0047 accept 0.9953 swapped_frac 0.9958
Time 85 i 10 lam_t 0.99500 lam_s 1.00503 log_ratio -0.0029 accept 0.9972 swapped_frac 0.9983
Time 68 i 11 lam_t 0.99000 lam_s 1.01010 log_ratio -0.0054 accept 0.9947 swapped_frac 0.9942
Time 68 i 11 lam_t 0.99500 lam_s 1.00503 log_ratio -0.0035 accept 0.9965 swapped_frac 0.9971
Time 51 i 12 lam_t 0.99000 lam_s 1.01010 log_ratio -0.0058 accept 0.9943 swapped_frac 0.9942
Time 51 i 12 lam_t 0.99500 lam_s 1.00503 log_ratio -0.0045 accept 0.9956 swapped_frac 0.9950
Time 34 i 13 lam_t 0.99000 lam_s 1.01010 log_ratio -0.0070 accept 0.9932 swapped_frac 0.9908
Time 34 i 13 lam_t 0.99500 lam_s 1.00503 log_ratio -0.0052 accept 0.9948 swapped_frac 0.9942
Time 17 i 14 lam_t 0.99000 lam_s 1.01010 log_ratio -0.0085 accept 0.9917 swapped_frac 0.9921
Time 17 i 14 lam_t 0.99500 lam_s 1.00503 log_ratio -0.0101 accept 0.9902 swapped_frac 0.9875
Best Sample: 0 log probability -1.872
Saved 1 samples to: logs/pointmaze-giant-navigate-v0/inference/plans/release_H400_T256_LimitsNormalizer_b1_condFalse/2026-07-14 22:49:02/26/0.png
Saved 1 samples to: logs/pointmaze-giant-navigate-v0/inference/plans/release_H400_T256_LimitsNormalizer_b1_condFalse/2026-07-14 22:49:02/26/rollout.png
Time 255 i 0 lam_t 0.99000 lam_s 1.01010 log_ratio 0.0000 accept 1.0000 swapped_frac 1.0000
Time 255 i 0 lam_t 0.99500 lam_s 1.00503 log_ratio 0.0000 accept 1.0000 swapped_frac 1.0000
Time 238 i 1 lam_t 0.99000 lam_s 1.01010 log_ratio -0.0001 accept 0.9999 swapped_frac 0.9996
Time 238 i 1 lam_t 0.99500 lam_s 1.00503 log_ratio -0.0000 accept 1.0000 swapped_frac 1.0000
Time 221 i 2 lam_t 0.99000 lam_s 1.01010 log_ratio -0.0003 accept 0.9997 swapped_frac 1.0000
Time 221 i 2 lam_t 0.99500 lam_s 1.00503 log_ratio -0.0001 accept 0.9999 swapped_frac 1.0000
Time 204 i 3 lam_t 0.99000 lam_s 1.01010 log_ratio -0.0006 accept 0.9994 swapped_frac 1.0000
Time 204 i 3 lam_t 0.99500 lam_s 1.00503 log_ratio -0.0003 accept 0.9997 swapped_frac 1.0000
Time 187 i 4 lam_t 0.99000 lam_s 1.01010 log_ratio -0.0010 accept 0.9990 swapped_frac 0.9975
Time 187 i 4 lam_t 0.99500 lam_s 1.00503 log_ratio -0.0005 accept 0.9995 swapped_frac 0.9983
Time 170 i 5 lam_t 0.99000 lam_s 1.01010 log_ratio -0.0015 accept 0.9985 swapped_frac 0.9992
Time 170 i 5 lam_t 0.99500 lam_s 1.00503 log_ratio -0.0008 accept 0.9992 swapped_frac 0.9992
Time 153 i 6 lam_t 0.99000 lam_s 1.01010 log_ratio -0.0021 accept 0.9979 swapped_frac 0.9996
Time 153 i 6 lam_t 0.99500 lam_s 1.00503 log_ratio -0.0010 accept 0.9990 swapped_frac 1.0000
Time 136 i 7 lam_t 0.99000 lam_s 1.01010 log_ratio -0.0028 accept 0.9972 swapped_frac 0.9963
Time 136 i 7 lam_t 0.99500 lam_s 1.00503 log_ratio -0.0015 accept 0.9985 swapped_frac 0.9975
Time 119 i 8 lam_t 0.99000 lam_s 1.01010 log_ratio -0.0034 accept 0.9966 swapped_frac 0.9963
Time 119 i 8 lam_t 0.99500 lam_s 1.00503 log_ratio -0.0018 accept 0.9982 swapped_frac 0.9996
Time 102 i 9 lam_t 0.99000 lam_s 1.01010 log_ratio -0.0038 accept 0.9962 swapped_frac 0.9946
Time 102 i 9 lam_t 0.99500 lam_s 1.00503 log_ratio -0.0022 accept 0.9978 swapped_frac 0.9983
Time 85 i 10 lam_t 0.99000 lam_s 1.01010 log_ratio -0.0045 accept 0.9955 swapped_frac 0.9971
Time 85 i 10 lam_t 0.99500 lam_s 1.00503 log_ratio -0.0025 accept 0.9975 swapped_frac 0.9971
Time 68 i 11 lam_t 0.99000 lam_s 1.01010 log_ratio -0.0055 accept 0.9946 swapped_frac 0.9946
Time 68 i 11 lam_t 0.99500 lam_s 1.00503 log_ratio -0.0035 accept 0.9965 swapped_frac 0.9979
Time 51 i 12 lam_t 0.99000 lam_s 1.01010 log_ratio -0.0062 accept 0.9939 swapped_frac 0.9938
Time 51 i 12 lam_t 0.99500 lam_s 1.00503 log_ratio -0.0039 accept 0.9961 swapped_frac 0.9954
Time 34 i 13 lam_t 0.99000 lam_s 1.01010 log_ratio -0.0080 accept 0.9921 swapped_frac 0.9929
Time 34 i 13 lam_t 0.99500 lam_s 1.00503 log_ratio -0.0069 accept 0.9932 swapped_frac 0.9929
Time 17 i 14 lam_t 0.99000 lam_s 1.01010 log_ratio -0.0131 accept 0.9876 swapped_frac 0.9875
Time 17 i 14 lam_t 0.99500 lam_s 1.00503 log_ratio -0.0121 accept 0.9886 swapped_frac 0.9950
Best Sample: 0 log probability 0.000
Saved 1 samples to: logs/pointmaze-giant-navigate-v0/inference/plans/release_H400_T256_LimitsNormalizer_b1_condFalse/2026-07-14 22:49:02/27/0.png
Saved 1 samples to: logs/pointmaze-giant-navigate-v0/inference/plans/release_H400_T256_LimitsNormalizer_b1_condFalse/2026-07-14 22:49:02/27/rollout.png
Time 255 i 0 lam_t 0.99000 lam_s 1.01010 log_ratio 0.0000 accept 1.0000 swapped_frac 1.0000
Time 255 i 0 lam_t 0.99500 lam_s 1.00503 log_ratio 0.0000 accept 1.0000 swapped_frac 1.0000
Time 238 i 1 lam_t 0.99000 lam_s 1.01010 log_ratio -0.0001 accept 0.9999 swapped_frac 1.0000
Time 238 i 1 lam_t 0.99500 lam_s 1.00503 log_ratio -0.0000 accept 1.0000 swapped_frac 1.0000
Time 221 i 2 lam_t 0.99000 lam_s 1.01010 log_ratio -0.0004 accept 0.9997 swapped_frac 0.9996
Time 221 i 2 lam_t 0.99500 lam_s 1.00503 log_ratio -0.0001 accept 0.9999 swapped_frac 1.0000
Time 204 i 3 lam_t 0.99000 lam_s 1.01010 log_ratio -0.0007 accept 0.9993 swapped_frac 1.0000
Time 204 i 3 lam_t 0.99500 lam_s 1.00503 log_ratio -0.0003 accept 0.9997 swapped_frac 1.0000
Time 187 i 4 lam_t 0.99000 lam_s 1.01010 log_ratio -0.0010 accept 0.9990 swapped_frac 0.9996
Time 187 i 4 lam_t 0.99500 lam_s 1.00503 log_ratio -0.0006 accept 0.9994 swapped_frac 0.9996
Time 170 i 5 lam_t 0.99000 lam_s 1.01010 log_ratio -0.0017 accept 0.9983 swapped_frac 0.9992
Time 170 i 5 lam_t 0.99500 lam_s 1.00503 log_ratio -0.0008 accept 0.9992 swapped_frac 0.9983
Time 153 i 6 lam_t 0.99000 lam_s 1.01010 log_ratio -0.0023 accept 0.9977 swapped_frac 0.9971
Time 153 i 6 lam_t 0.99500 lam_s 1.00503 log_ratio -0.0013 accept 0.9987 swapped_frac 0.9996
Time 136 i 7 lam_t 0.99000 lam_s 1.01010 log_ratio -0.0034 accept 0.9966 swapped_frac 0.9967
Time 136 i 7 lam_t 0.99500 lam_s 1.00503 log_ratio -0.0015 accept 0.9985 swapped_frac 0.9979
Time 119 i 8 lam_t 0.99000 lam_s 1.01010 log_ratio -0.0039 accept 0.9961 swapped_frac 0.9958
Time 119 i 8 lam_t 0.99500 lam_s 1.00503 log_ratio -0.0020 accept 0.9980 swapped_frac 0.9988
Time 102 i 9 lam_t 0.99000 lam_s 1.01010 log_ratio -0.0051 accept 0.9949 swapped_frac 0.9946
Time 102 i 9 lam_t 0.99500 lam_s 1.00503 log_ratio -0.0021 accept 0.9979 swapped_frac 0.9979
Time 85 i 10 lam_t 0.99000 lam_s 1.01010 log_ratio -0.0062 accept 0.9939 swapped_frac 0.9929
Time 85 i 10 lam_t 0.99500 lam_s 1.00503 log_ratio -0.0032 accept 0.9969 swapped_frac 0.9983
Time 68 i 11 lam_t 0.99000 lam_s 1.01010 log_ratio -0.0089 accept 0.9912 swapped_frac 0.9938
Time 68 i 11 lam_t 0.99500 lam_s 1.00503 log_ratio -0.0035 accept 0.9965 swapped_frac 0.9967
Time 51 i 12 lam_t 0.99000 lam_s 1.01010 log_ratio -0.0115 accept 0.9889 swapped_frac 0.9879
Time 51 i 12 lam_t 0.99500 lam_s 1.00503 log_ratio -0.0053 accept 0.9947 swapped_frac 0.9950
Time 34 i 13 lam_t 0.99000 lam_s 1.01010 log_ratio -0.0161 accept 0.9846 swapped_frac 0.9850
Time 34 i 13 lam_t 0.99500 lam_s 1.00503 log_ratio -0.0055 accept 0.9946 swapped_frac 0.9946
Time 17 i 14 lam_t 0.99000 lam_s 1.01010 log_ratio -0.0313 accept 0.9716 swapped_frac 0.9754
Time 17 i 14 lam_t 0.99500 lam_s 1.00503 log_ratio -0.0120 accept 0.9886 swapped_frac 0.9879
Best Sample: 2 log probability -3.499
Saved 1 samples to: logs/pointmaze-giant-navigate-v0/inference/plans/release_H400_T256_LimitsNormalizer_b1_condFalse/2026-07-14 22:49:02/28/0.png
Saved 1 samples to: logs/pointmaze-giant-navigate-v0/inference/plans/release_H400_T256_LimitsNormalizer_b1_condFalse/2026-07-14 22:49:02/28/rollout.png
Time 255 i 0 lam_t 0.99000 lam_s 1.01010 log_ratio 0.0000 accept 1.0000 swapped_frac 1.0000
Time 255 i 0 lam_t 0.99500 lam_s 1.00503 log_ratio 0.0000 accept 1.0000 swapped_frac 1.0000
Time 238 i 1 lam_t 0.99000 lam_s 1.01010 log_ratio -0.0001 accept 0.9999 swapped_frac 1.0000
Time 238 i 1 lam_t 0.99500 lam_s 1.00503 log_ratio -0.0000 accept 1.0000 swapped_frac 1.0000
Time 221 i 2 lam_t 0.99000 lam_s 1.01010 log_ratio -0.0002 accept 0.9998 swapped_frac 1.0000
Time 221 i 2 lam_t 0.99500 lam_s 1.00503 log_ratio -0.0001 accept 0.9999 swapped_frac 0.9996
Time 204 i 3 lam_t 0.99000 lam_s 1.01010 log_ratio -0.0006 accept 0.9994 swapped_frac 0.9996
Time 204 i 3 lam_t 0.99500 lam_s 1.00503 log_ratio -0.0003 accept 0.9997 swapped_frac 1.0000
Time 187 i 4 lam_t 0.99000 lam_s 1.01010 log_ratio -0.0011 accept 0.9989 swapped_frac 0.9983
Time 187 i 4 lam_t 0.99500 lam_s 1.00503 log_ratio -0.0006 accept 0.9994 swapped_frac 0.9988
Time 170 i 5 lam_t 0.99000 lam_s 1.01010 log_ratio -0.0016 accept 0.9984 swapped_frac 0.9988
Time 170 i 5 lam_t 0.99500 lam_s 1.00503 log_ratio -0.0007 accept 0.9993 swapped_frac 0.9992
Time 153 i 6 lam_t 0.99000 lam_s 1.01010 log_ratio -0.0024 accept 0.9976 swapped_frac 0.9967
Time 153 i 6 lam_t 0.99500 lam_s 1.00503 log_ratio -0.0012 accept 0.9988 swapped_frac 0.9988
Time 136 i 7 lam_t 0.99000 lam_s 1.01010 log_ratio -0.0029 accept 0.9971 swapped_frac 0.9950
Time 136 i 7 lam_t 0.99500 lam_s 1.00503 log_ratio -0.0014 accept 0.9987 swapped_frac 0.9992
Time 119 i 8 lam_t 0.99000 lam_s 1.01010 log_ratio -0.0037 accept 0.9963 swapped_frac 0.9975
Time 119 i 8 lam_t 0.99500 lam_s 1.00503 log_ratio -0.0020 accept 0.9980 swapped_frac 0.9992
Time 102 i 9 lam_t 0.99000 lam_s 1.01010 log_ratio -0.0042 accept 0.9959 swapped_frac 0.9967
Time 102 i 9 lam_t 0.99500 lam_s 1.00503 log_ratio -0.0022 accept 0.9978 swapped_frac 0.9975
Time 85 i 10 lam_t 0.99000 lam_s 1.01010 log_ratio -0.0055 accept 0.9945 swapped_frac 0.9963
Time 85 i 10 lam_t 0.99500 lam_s 1.00503 log_ratio -0.0036 accept 0.9964 swapped_frac 0.9950
Time 68 i 11 lam_t 0.99000 lam_s 1.01010 log_ratio -0.0058 accept 0.9943 swapped_frac 0.9929
Time 68 i 11 lam_t 0.99500 lam_s 1.00503 log_ratio -0.0033 accept 0.9968 swapped_frac 0.9950
Time 51 i 12 lam_t 0.99000 lam_s 1.01010 log_ratio -0.0081 accept 0.9920 swapped_frac 0.9913
Time 51 i 12 lam_t 0.99500 lam_s 1.00503 log_ratio -0.0060 accept 0.9941 swapped_frac 0.9942
Time 34 i 13 lam_t 0.99000 lam_s 1.01010 log_ratio -0.0091 accept 0.9912 swapped_frac 0.9904
Time 34 i 13 lam_t 0.99500 lam_s 1.00503 log_ratio -0.0066 accept 0.9935 swapped_frac 0.9908
Time 17 i 14 lam_t 0.99000 lam_s 1.01010 log_ratio -0.0172 accept 0.9837 swapped_frac 0.9838
Time 17 i 14 lam_t 0.99500 lam_s 1.00503 log_ratio -0.0132 accept 0.9876 swapped_frac 0.9825
Best Sample: 2 log probability -0.000
Saved 1 samples to: logs/pointmaze-giant-navigate-v0/inference/plans/release_H400_T256_LimitsNormalizer_b1_condFalse/2026-07-14 22:49:02/29/0.png
Saved 1 samples to: logs/pointmaze-giant-navigate-v0/inference/plans/release_H400_T256_LimitsNormalizer_b1_condFalse/2026-07-14 22:49:02/29/rollout.png
Time 255 i 0 lam_t 0.99000 lam_s 1.01010 log_ratio 0.0000 accept 1.0000 swapped_frac 1.0000
Time 255 i 0 lam_t 0.99500 lam_s 1.00503 log_ratio 0.0000 accept 1.0000 swapped_frac 1.0000
Time 238 i 1 lam_t 0.99000 lam_s 1.01010 log_ratio -0.0001 accept 0.9999 swapped_frac 0.9996
Time 238 i 1 lam_t 0.99500 lam_s 1.00503 log_ratio -0.0000 accept 1.0000 swapped_frac 1.0000
Time 221 i 2 lam_t 0.99000 lam_s 1.01010 log_ratio -0.0003 accept 0.9997 swapped_frac 1.0000
Time 221 i 2 lam_t 0.99500 lam_s 1.00503 log_ratio -0.0002 accept 0.9998 swapped_frac 0.9996
Time 204 i 3 lam_t 0.99000 lam_s 1.01010 log_ratio -0.0006 accept 0.9994 swapped_frac 0.9996
Time 204 i 3 lam_t 0.99500 lam_s 1.00503 log_ratio -0.0003 accept 0.9997 swapped_frac 1.0000
Time 187 i 4 lam_t 0.99000 lam_s 1.01010 log_ratio -0.0010 accept 0.9990 swapped_frac 0.9992
Time 187 i 4 lam_t 0.99500 lam_s 1.00503 log_ratio -0.0006 accept 0.9994 swapped_frac 1.0000
Time 170 i 5 lam_t 0.99000 lam_s 1.01010 log_ratio -0.0015 accept 0.9985 swapped_frac 0.9979
Time 170 i 5 lam_t 0.99500 lam_s 1.00503 log_ratio -0.0008 accept 0.9992 swapped_frac 0.9983
Time 153 i 6 lam_t 0.99000 lam_s 1.01010 log_ratio -0.0020 accept 0.9980 swapped_frac 0.9996
Time 153 i 6 lam_t 0.99500 lam_s 1.00503 log_ratio -0.0011 accept 0.9989 swapped_frac 0.9983
Time 136 i 7 lam_t 0.99000 lam_s 1.01010 log_ratio -0.0025 accept 0.9975 swapped_frac 0.9958
Time 136 i 7 lam_t 0.99500 lam_s 1.00503 log_ratio -0.0014 accept 0.9986 swapped_frac 0.9992
Time 119 i 8 lam_t 0.99000 lam_s 1.01010 log_ratio -0.0029 accept 0.9971 swapped_frac 0.9967
Time 119 i 8 lam_t 0.99500 lam_s 1.00503 log_ratio -0.0020 accept 0.9980 swapped_frac 0.9963
Time 102 i 9 lam_t 0.99000 lam_s 1.01010 log_ratio -0.0036 accept 0.9965 swapped_frac 0.9967
Time 102 i 9 lam_t 0.99500 lam_s 1.00503 log_ratio -0.0022 accept 0.9978 swapped_frac 0.9992
Time 85 i 10 lam_t 0.99000 lam_s 1.01010 log_ratio -0.0038 accept 0.9962 swapped_frac 0.9975
Time 85 i 10 lam_t 0.99500 lam_s 1.00503 log_ratio -0.0032 accept 0.9968 swapped_frac 0.9971
Time 68 i 11 lam_t 0.99000 lam_s 1.01010 log_ratio -0.0043 accept 0.9957 swapped_frac 0.9942
Time 68 i 11 lam_t 0.99500 lam_s 1.00503 log_ratio -0.0036 accept 0.9965 swapped_frac 0.9975
Time 51 i 12 lam_t 0.99000 lam_s 1.01010 log_ratio -0.0043 accept 0.9957 swapped_frac 0.9971
Time 51 i 12 lam_t 0.99500 lam_s 1.00503 log_ratio -0.0055 accept 0.9946 swapped_frac 0.9954
Time 34 i 13 lam_t 0.99000 lam_s 1.01010 log_ratio -0.0041 accept 0.9959 swapped_frac 0.9954
Time 34 i 13 lam_t 0.99500 lam_s 1.00503 log_ratio -0.0060 accept 0.9941 swapped_frac 0.9938
Time 17 i 14 lam_t 0.99000 lam_s 1.01010 log_ratio -0.0042 accept 0.9959 swapped_frac 0.9967
Time 17 i 14 lam_t 0.99500 lam_s 1.00503 log_ratio -0.0111 accept 0.9894 swapped_frac 0.9846
Best Sample: 0 log probability 0.000
Saved 1 samples to: logs/pointmaze-giant-navigate-v0/inference/plans/release_H400_T256_LimitsNormalizer_b1_condFalse/2026-07-14 22:49:02/30/0.png
Saved 1 samples to: logs/pointmaze-giant-navigate-v0/inference/plans/release_H400_T256_LimitsNormalizer_b1_condFalse/2026-07-14 22:49:02/30/rollout.png
Time 255 i 0 lam_t 0.99000 lam_s 1.01010 log_ratio 0.0000 accept 1.0000 swapped_frac 1.0000
Time 255 i 0 lam_t 0.99500 lam_s 1.00503 log_ratio 0.0000 accept 1.0000 swapped_frac 1.0000
Time 238 i 1 lam_t 0.99000 lam_s 1.01010 log_ratio -0.0001 accept 0.9999 swapped_frac 0.9996
Time 238 i 1 lam_t 0.99500 lam_s 1.00503 log_ratio -0.0000 accept 1.0000 swapped_frac 1.0000
Time 221 i 2 lam_t 0.99000 lam_s 1.01010 log_ratio -0.0003 accept 0.9997 swapped_frac 0.9983
Time 221 i 2 lam_t 0.99500 lam_s 1.00503 log_ratio -0.0001 accept 0.9999 swapped_frac 1.0000
Time 204 i 3 lam_t 0.99000 lam_s 1.01010 log_ratio -0.0006 accept 0.9994 swapped_frac 0.9992
Time 204 i 3 lam_t 0.99500 lam_s 1.00503 log_ratio -0.0003 accept 0.9997 swapped_frac 0.9992
Time 187 i 4 lam_t 0.99000 lam_s 1.01010 log_ratio -0.0012 accept 0.9988 swapped_frac 0.9996
Time 187 i 4 lam_t 0.99500 lam_s 1.00503 log_ratio -0.0005 accept 0.9995 swapped_frac 0.9992
Time 170 i 5 lam_t 0.99000 lam_s 1.01010 log_ratio -0.0020 accept 0.9980 swapped_frac 0.9988
